#1 [internal] load local bake definitions
#1 reading from stdin 1.84kB done
#1 DONE 0.0s

#2 [internal] load build definition from Dockerfile
#2 transferring dockerfile: 344B done
#2 DONE -0.1s

#3 [internal] load metadata for docker.io/library/maven:3.9.9-eclipse-temurin-21
#3 DONE 0.0s

#4 [auth] library/eclipse-temurin:pull token for registry-1.docker.io
#4 DONE 0.0s

#5 [internal] load metadata for docker.io/library/eclipse-temurin:21-jre
#5 DONE 1.8s

#6 [internal] load .dockerignore
#6 transferring context: 2B done
#6 DONE 0.0s

#7 [internal] load build context
#7 DONE 0.0s

#8 [stage-1 1/3] FROM docker.io/library/eclipse-temurin:21-jre@sha256:010e0a06bd4e0184dec58626afb3ba727b42c56c91b977e2f0a9e0837e0fa3fb
#8 resolve docker.io/library/eclipse-temurin:21-jre@sha256:010e0a06bd4e0184dec58626afb3ba727b42c56c91b977e2f0a9e0837e0fa3fb 0.0s done
#8 DONE 0.0s

#9 [build 1/6] FROM docker.io/library/maven:3.9.9-eclipse-temurin-21@sha256:3a4ab3276a087bf276f79cae96b1af04f53731bec53fb2e651aca79e4b10211e
#9 resolve docker.io/library/maven:3.9.9-eclipse-temurin-21@sha256:3a4ab3276a087bf276f79cae96b1af04f53731bec53fb2e651aca79e4b10211e 0.0s done
#9 DONE 0.1s

#7 [internal] load build context
#7 transferring context: 3.96kB 0.0s done
#7 DONE 0.0s

#10 [build 2/6] WORKDIR /app
#10 CACHED

#11 [build 3/6] COPY pom.xml .
#11 CACHED

#12 [build 4/6] RUN mvn -q -DskipTests dependency:go-offline
#12 CACHED

#13 [build 5/6] COPY src ./src
#13 CACHED

#14 [build 6/6] RUN mvn -DskipTests clean package
#14 3.977 [INFO] Scanning for projects...
#14 4.533 [INFO] 
#14 4.535 [INFO] -------------------< com.dalupotha:finance-service >--------------------
#14 4.537 [INFO] Building finance-service 0.0.1-SNAPSHOT
#14 4.538 [INFO]   from pom.xml
#14 4.540 [INFO] --------------------------------[ jar ]---------------------------------
#14 5.605 Downloading from central: https://repo.maven.apache.org/maven2/org/jboss/logging/jboss-logging/3.5.3.Final/jboss-logging-3.5.3.Final.pom
#14 6.630 Progress (1): 755 B
Progress (1): 1.9 kB
Progress (1): 4.1 kB
Progress (1): 8.3 kB
Progress (1): 15 kB 
Progress (1): 18 kB
Progress (1): 19 kB
                   
Downloaded from central: https://repo.maven.apache.org/maven2/org/jboss/logging/jboss-logging/3.5.3.Final/jboss-logging-3.5.3.Final.pom (19 kB at 18 kB/s)
#14 6.670 Downloading from central: https://repo.maven.apache.org/maven2/org/jboss/logging/logging-parent/1.0.1.Final/logging-parent-1.0.1.Final.pom
#14 6.728 Progress (1): 1.2 kB
Progress (1): 2.6 kB
Progress (1): 6.0 kB
                    
Downloaded from central: https://repo.maven.apache.org/maven2/org/jboss/logging/logging-parent/1.0.1.Final/logging-parent-1.0.1.Final.pom (6.0 kB at 93 kB/s)
#14 6.778 Downloading from central: https://repo.maven.apache.org/maven2/com/fasterxml/classmate/1.7.0/classmate-1.7.0.pom
#14 6.842 Progress (1): 1.2 kB
Progress (1): 2.4 kB
Progress (1): 4.4 kB
Progress (1): 7.0 kB
                    
Downloaded from central: https://repo.maven.apache.org/maven2/com/fasterxml/classmate/1.7.0/classmate-1.7.0.pom (7.0 kB at 104 kB/s)
#14 6.852 Downloading from central: https://repo.maven.apache.org/maven2/net/bytebuddy/byte-buddy/1.14.19/byte-buddy-1.14.19.pom
#14 6.915 Progress (1): 973 B
Progress (1): 2.8 kB
Progress (1): 5.9 kB
Progress (1): 13 kB 
Progress (1): 16 kB
Progress (1): 16 kB
                   
Downloaded from central: https://repo.maven.apache.org/maven2/net/bytebuddy/byte-buddy/1.14.19/byte-buddy-1.14.19.pom (16 kB at 185 kB/s)
#14 6.948 Downloading from central: https://repo.maven.apache.org/maven2/net/bytebuddy/byte-buddy-parent/1.14.19/byte-buddy-parent-1.14.19.pom
#14 7.003 Progress (1): 829 B
Progress (1): 1.7 kB
Progress (1): 3.1 kB
Progress (1): 5.5 kB
Progress (1): 7.0 kB
Progress (1): 8.9 kB
Progress (1): 12 kB 
Progress (1): 13 kB
Progress (1): 17 kB
Progress (1): 22 kB
Progress (1): 24 kB
Progress (1): 31 kB
Progress (1): 46 kB
Progress (1): 49 kB
Progress (1): 54 kB
Progress (1): 58 kB
Progress (1): 62 kB
                   
Downloaded from central: https://repo.maven.apache.org/maven2/net/bytebuddy/byte-buddy-parent/1.14.19/byte-buddy-parent-1.14.19.pom (62 kB at 957 kB/s)
#14 7.059 Downloading from central: https://repo.maven.apache.org/maven2/org/glassfish/jaxb/jaxb-runtime/4.0.5/jaxb-runtime-4.0.5.pom
#14 7.172 Progress (1): 806 B
Progress (1): 2.4 kB
Progress (1): 6.4 kB
Progress (1): 9.2 kB
Progress (1): 11 kB 
                   
Downloaded from central: https://repo.maven.apache.org/maven2/org/glassfish/jaxb/jaxb-runtime/4.0.5/jaxb-runtime-4.0.5.pom (11 kB at 87 kB/s)
#14 7.194 Downloading from central: https://repo.maven.apache.org/maven2/com/sun/xml/bind/mvn/jaxb-runtime-parent/4.0.5/jaxb-runtime-parent-4.0.5.pom
#14 7.265 Progress (1): 932 B
Progress (1): 1.2 kB
                    
Downloaded from central: https://repo.maven.apache.org/maven2/com/sun/xml/bind/mvn/jaxb-runtime-parent/4.0.5/jaxb-runtime-parent-4.0.5.pom (1.2 kB at 16 kB/s)
#14 7.277 Downloading from central: https://repo.maven.apache.org/maven2/com/sun/xml/bind/mvn/jaxb-parent/4.0.5/jaxb-parent-4.0.5.pom
#14 7.352 Progress (1): 778 B
Progress (1): 2.0 kB
Progress (1): 4.0 kB
Progress (1): 5.7 kB
Progress (1): 8.2 kB
Progress (1): 14 kB 
Progress (1): 18 kB
Progress (1): 22 kB
Progress (1): 28 kB
Progress (1): 33 kB
Progress (1): 35 kB
                   
Downloaded from central: https://repo.maven.apache.org/maven2/com/sun/xml/bind/mvn/jaxb-parent/4.0.5/jaxb-parent-4.0.5.pom (35 kB at 398 kB/s)
#14 7.371 Downloading from central: https://repo.maven.apache.org/maven2/com/sun/xml/bind/jaxb-bom-ext/4.0.5/jaxb-bom-ext-4.0.5.pom
#14 7.436 Progress (1): 863 B
Progress (1): 2.6 kB
Progress (1): 3.5 kB
                    
Downloaded from central: https://repo.maven.apache.org/maven2/com/sun/xml/bind/jaxb-bom-ext/4.0.5/jaxb-bom-ext-4.0.5.pom (3.5 kB at 50 kB/s)
#14 7.451 Downloading from central: https://repo.maven.apache.org/maven2/org/glassfish/jaxb/jaxb-core/4.0.5/jaxb-core-4.0.5.pom
#14 7.534 Progress (1): 898 B
Progress (1): 2.5 kB
Progress (1): 3.7 kB
                    
Downloaded from central: https://repo.maven.apache.org/maven2/org/glassfish/jaxb/jaxb-core/4.0.5/jaxb-core-4.0.5.pom (3.7 kB at 43 kB/s)
#14 7.550 Downloading from central: https://repo.maven.apache.org/maven2/org/eclipse/angus/angus-activation/2.0.2/angus-activation-2.0.2.pom
#14 7.670 Progress (1): 930 B
Progress (1): 2.5 kB
Progress (1): 4.0 kB
                    
Downloaded from central: https://repo.maven.apache.org/maven2/org/eclipse/angus/angus-activation/2.0.2/angus-activation-2.0.2.pom (4.0 kB at 29 kB/s)
#14 7.691 Downloading from central: https://repo.maven.apache.org/maven2/org/eclipse/angus/angus-activation-project/2.0.2/angus-activation-project-2.0.2.pom
#14 7.843 Progress (1): 915 B
Progress (1): 2.2 kB
Progress (1): 4.2 kB
Progress (1): 9.0 kB
Progress (1): 13 kB 
Progress (1): 16 kB
Progress (1): 20 kB
Progress (1): 21 kB
                   
Downloaded from central: https://repo.maven.apache.org/maven2/org/eclipse/angus/angus-activation-project/2.0.2/angus-activation-project-2.0.2.pom (21 kB at 134 kB/s)
#14 7.860 Downloading from central: https://repo.maven.apache.org/maven2/org/glassfish/jaxb/txw2/4.0.5/txw2-4.0.5.pom
#14 7.938 Progress (1): 931 B
Progress (1): 1.8 kB
                    
Downloaded from central: https://repo.maven.apache.org/maven2/org/glassfish/jaxb/txw2/4.0.5/txw2-4.0.5.pom (1.8 kB at 22 kB/s)
#14 7.944 Downloading from central: https://repo.maven.apache.org/maven2/com/sun/xml/bind/mvn/jaxb-txw-parent/4.0.5/jaxb-txw-parent-4.0.5.pom
#14 8.076 Progress (1): 930 B
Progress (1): 1.2 kB
                    
Downloaded from central: https://repo.maven.apache.org/maven2/com/sun/xml/bind/mvn/jaxb-txw-parent/4.0.5/jaxb-txw-parent-4.0.5.pom (1.2 kB at 8.9 kB/s)
#14 8.087 Downloading from central: https://repo.maven.apache.org/maven2/com/sun/istack/istack-commons-runtime/4.1.2/istack-commons-runtime-4.1.2.pom
#14 8.160 Progress (1): 933 B
Progress (1): 1.6 kB
                    
Downloaded from central: https://repo.maven.apache.org/maven2/com/sun/istack/istack-commons-runtime/4.1.2/istack-commons-runtime-4.1.2.pom (1.6 kB at 21 kB/s)
#14 8.168 Downloading from central: https://repo.maven.apache.org/maven2/com/sun/istack/istack-commons/4.1.2/istack-commons-4.1.2.pom
#14 8.341 Progress (1): 794 B
Progress (1): 2.6 kB
Progress (1): 4.8 kB
Progress (1): 12 kB 
Progress (1): 17 kB
Progress (1): 21 kB
Progress (1): 26 kB
Progress (1): 26 kB
                   
Downloaded from central: https://repo.maven.apache.org/maven2/com/sun/istack/istack-commons/4.1.2/istack-commons-4.1.2.pom (26 kB at 148 kB/s)
#14 8.631 Downloading from central: https://repo.maven.apache.org/maven2/net/bytebuddy/byte-buddy-agent/1.14.19/byte-buddy-agent-1.14.19.pom
#14 8.908 Progress (1): 1.2 kB
Progress (1): 3.6 kB
Progress (1): 6.2 kB
Progress (1): 10 kB 
                   
Downloaded from central: https://repo.maven.apache.org/maven2/net/bytebuddy/byte-buddy-agent/1.14.19/byte-buddy-agent-1.14.19.pom (10 kB at 37 kB/s)
#14 9.057 Downloading from central: https://repo.maven.apache.org/maven2/org/jboss/logging/jboss-logging/3.5.3.Final/jboss-logging-3.5.3.Final.jar
#14 9.409 Progress (1): 3.8/59 kB
Progress (1): 8.0/59 kB
Progress (1): 11/59 kB 
Progress (1): 16/59 kB
Progress (1): 20/59 kB
Progress (1): 24/59 kB
Progress (1): 28/59 kB
Progress (1): 32/59 kB
Progress (1): 36/59 kB
Progress (1): 40/59 kB
Progress (1): 45/59 kB
Progress (1): 49/59 kB
Progress (1): 53/59 kB
Progress (1): 57/59 kB
Progress (1): 59 kB   
                   
Downloaded from central: https://repo.maven.apache.org/maven2/org/jboss/logging/jboss-logging/3.5.3.Final/jboss-logging-3.5.3.Final.jar (59 kB at 121 kB/s)
#14 9.549 Downloading from central: https://repo.maven.apache.org/maven2/com/fasterxml/classmate/1.7.0/classmate-1.7.0.jar
#14 9.550 Downloading from central: https://repo.maven.apache.org/maven2/net/bytebuddy/byte-buddy/1.14.19/byte-buddy-1.14.19.jar
#14 9.552 Downloading from central: https://repo.maven.apache.org/maven2/org/glassfish/jaxb/jaxb-runtime/4.0.5/jaxb-runtime-4.0.5.jar
#14 9.552 Downloading from central: https://repo.maven.apache.org/maven2/org/glassfish/jaxb/jaxb-core/4.0.5/jaxb-core-4.0.5.jar
#14 9.554 Downloading from central: https://repo.maven.apache.org/maven2/org/eclipse/angus/angus-activation/2.0.2/angus-activation-2.0.2.jar
#14 9.701 Progress (1): 3.8/69 kB
Progress (1): 8.0/69 kB
Progress (1): 8.2/69 kB
Progress (1): 12/69 kB 
Progress (1): 17/69 kB
Progress (1): 21/69 kB
Progress (1): 25/69 kB
Progress (1): 29/69 kB
Progress (1): 34/69 kB
Progress (1): 38/69 kB
Progress (1): 42/69 kB
Progress (1): 46/69 kB
Progress (1): 50/69 kB
Progress (1): 67/69 kB
Progress (1): 69 kB   
                   
Downloaded from central: https://repo.maven.apache.org/maven2/com/fasterxml/classmate/1.7.0/classmate-1.7.0.jar (69 kB at 241 kB/s)
#14 9.832 Downloading from central: https://repo.maven.apache.org/maven2/org/glassfish/jaxb/txw2/4.0.5/txw2-4.0.5.jar
#14 9.881 Progress (1): 0.9/139 kB
Progress (1): 2.3/139 kB
Progress (1): 3.6/139 kB
Progress (1): 5.0/139 kB
Progress (1): 6.4/139 kB
Progress (1): 7.7/139 kB
Progress (1): 9.1/139 kB
Progress (1): 10/139 kB 
Progress (1): 11/139 kB
Progress (1): 13/139 kB
Progress (2): 13/139 kB | 0.9/27 kB
Progress (2): 13/139 kB | 2.3/27 kB
Progress (2): 13/139 kB | 3.6/27 kB
Progress (2): 13/139 kB | 5.0/27 kB
Progress (2): 13/139 kB | 6.4/27 kB
Progress (2): 13/139 kB | 7.7/27 kB
Progress (2): 13/139 kB | 8.2/27 kB
Progress (2): 13/139 kB | 9.6/27 kB
Progress (2): 13/139 kB | 11/27 kB 
Progress (2): 13/139 kB | 12/27 kB
Progress (2): 13/139 kB | 14/27 kB
Progress (2): 13/139 kB | 15/27 kB
Progress (2): 13/139 kB | 16/27 kB
Progress (2): 13/139 kB | 18/27 kB
Progress (2): 13/139 kB | 19/27 kB
Progress (2): 13/139 kB | 21/27 kB
Progress (2): 13/139 kB | 22/27 kB
Progress (2): 13/139 kB | 23/27 kB
Progress (2): 13/139 kB | 25/27 kB
Progress (2): 13/139 kB | 26/27 kB
Progress (2): 13/139 kB | 27 kB   
                               
Downloaded from central: https://repo.maven.apache.org/maven2/org/eclipse/angus/angus-activation/2.0.2/angus-activation-2.0.2.jar (27 kB at 77 kB/s)
#14 9.905 Downloading from central: https://repo.maven.apache.org/maven2/com/sun/istack/istack-commons-runtime/4.1.2/istack-commons-runtime-4.1.2.jar
#14 9.912 Progress (1): 14/139 kB
Progress (1): 15/139 kB
Progress (1): 17/139 kB
Progress (1): 18/139 kB
Progress (1): 20/139 kB
Progress (1): 21/139 kB
Progress (1): 22/139 kB
Progress (1): 24/139 kB
Progress (1): 25/139 kB
Progress (1): 26/139 kB
Progress (1): 28/139 kB
Progress (1): 29/139 kB
Progress (1): 31/139 kB
Progress (1): 32/139 kB
Progress (1): 33/139 kB
Progress (1): 35/139 kB
Progress (1): 36/139 kB
Progress (1): 37/139 kB
Progress (1): 39/139 kB
Progress (1): 40/139 kB
Progress (1): 42/139 kB
Progress (1): 43/139 kB
Progress (1): 44/139 kB
Progress (1): 46/139 kB
Progress (1): 47/139 kB
Progress (1): 48/139 kB
Progress (1): 50/139 kB
Progress (1): 51/139 kB
Progress (1): 52/139 kB
Progress (1): 54/139 kB
Progress (1): 55/139 kB
Progress (1): 59/139 kB
Progress (2): 59/139 kB | 7.7/73 kB
Progress (2): 59/139 kB | 16/73 kB 
Progress (2): 59/139 kB | 32/73 kB
Progress (2): 59/139 kB | 49/73 kB
Progress (2): 64/139 kB | 49/73 kB
Progress (2): 64/139 kB | 65/73 kB
Progress (2): 68/139 kB | 65/73 kB
Progress (2): 68/139 kB | 73 kB   
                               
Downloaded from central: https://repo.maven.apache.org/maven2/org/glassfish/jaxb/txw2/4.0.5/txw2-4.0.5.jar (73 kB at 185 kB/s)
#14 9.949 Downloading from central: https://repo.maven.apache.org/maven2/org/slf4j/slf4j-api/2.0.16/slf4j-api-2.0.16.jar
#14 9.952 Progress (1): 72/139 kB
Progress (1): 76/139 kB
Progress (1): 81/139 kB
Progress (1): 85/139 kB
Progress (1): 89/139 kB
Progress (2): 89/139 kB | 0.9/920 kB
Progress (2): 89/139 kB | 2.3/920 kB
Progress (2): 89/139 kB | 3.6/920 kB
Progress (2): 89/139 kB | 5.0/920 kB
Progress (2): 89/139 kB | 6.4/920 kB
Progress (2): 89/139 kB | 7.7/920 kB
Progress (2): 89/139 kB | 9.1/920 kB
Progress (2): 89/139 kB | 10/920 kB 
Progress (2): 89/139 kB | 12/920 kB
Progress (2): 89/139 kB | 13/920 kB
Progress (2): 89/139 kB | 15/920 kB
Progress (2): 89/139 kB | 16/920 kB
Progress (2): 89/139 kB | 17/920 kB
Progress (2): 89/139 kB | 19/920 kB
Progress (2): 89/139 kB | 20/920 kB
Progress (2): 89/139 kB | 21/920 kB
Progress (2): 89/139 kB | 23/920 kB
Progress (2): 89/139 kB | 24/920 kB
Progress (2): 89/139 kB | 25/920 kB
Progress (2): 89/139 kB | 27/920 kB
Progress (2): 89/139 kB | 28/920 kB
Progress (2): 89/139 kB | 30/920 kB
Progress (2): 89/139 kB | 31/920 kB
Progress (2): 89/139 kB | 32/920 kB
Progress (2): 89/139 kB | 34/920 kB
Progress (2): 89/139 kB | 35/920 kB
Progress (2): 89/139 kB | 36/920 kB
Progress (3): 89/139 kB | 36/920 kB | 0/4.2 MB
Progress (3): 89/139 kB | 36/920 kB | 0/4.2 MB
Progress (3): 89/139 kB | 36/920 kB | 0/4.2 MB
Progress (3): 89/139 kB | 36/920 kB | 0/4.2 MB
Progress (3): 89/139 kB | 36/920 kB | 0/4.2 MB
Progress (3): 89/139 kB | 36/920 kB | 0/4.2 MB
Progress (3): 89/139 kB | 36/920 kB | 0/4.2 MB
Progress (3): 89/139 kB | 36/920 kB | 0/4.2 MB
Progress (3): 89/139 kB | 36/920 kB | 0/4.2 MB
Progress (3): 89/139 kB | 38/920 kB | 0/4.2 MB
Progress (3): 89/139 kB | 38/920 kB | 0/4.2 MB
Progress (3): 89/139 kB | 39/920 kB | 0/4.2 MB
Progress (3): 89/139 kB | 41/920 kB | 0/4.2 MB
Progress (3): 89/139 kB | 41/920 kB | 0/4.2 MB
Progress (3): 89/139 kB | 42/920 kB | 0/4.2 MB
Progress (3): 89/139 kB | 42/920 kB | 0/4.2 MB
Progress (3): 89/139 kB | 42/920 kB | 0/4.2 MB
Progress (3): 89/139 kB | 42/920 kB | 0/4.2 MB
Progress (3): 89/139 kB | 42/920 kB | 0/4.2 MB
Progress (3): 89/139 kB | 42/920 kB | 0/4.2 MB
Progress (3): 89/139 kB | 42/920 kB | 0/4.2 MB
Progress (3): 89/139 kB | 43/920 kB | 0/4.2 MB
Progress (3): 89/139 kB | 43/920 kB | 0/4.2 MB
Progress (3): 89/139 kB | 45/920 kB | 0/4.2 MB
Progress (3): 89/139 kB | 46/920 kB | 0/4.2 MB
Progress (3): 89/139 kB | 47/920 kB | 0/4.2 MB
Progress (3): 89/139 kB | 49/920 kB | 0/4.2 MB
Progress (3): 89/139 kB | 50/920 kB | 0/4.2 MB
Progress (3): 89/139 kB | 51/920 kB | 0/4.2 MB
Progress (3): 89/139 kB | 53/920 kB | 0/4.2 MB
Progress (3): 89/139 kB | 54/920 kB | 0/4.2 MB
Progress (3): 89/139 kB | 56/920 kB | 0/4.2 MB
Progress (3): 89/139 kB | 56/920 kB | 0/4.2 MB
Progress (3): 89/139 kB | 56/920 kB | 0/4.2 MB
Progress (3): 89/139 kB | 56/920 kB | 0/4.2 MB
Progress (3): 89/139 kB | 56/920 kB | 0/4.2 MB
Progress (3): 89/139 kB | 56/920 kB | 0/4.2 MB
Progress (3): 89/139 kB | 56/920 kB | 0/4.2 MB
Progress (3): 93/139 kB | 56/920 kB | 0/4.2 MB
Progress (3): 93/139 kB | 56/920 kB | 0/4.2 MB
Progress (3): 97/139 kB | 56/920 kB | 0/4.2 MB
Progress (3): 97/139 kB | 56/920 kB | 0/4.2 MB
Progress (3): 97/139 kB | 60/920 kB | 0/4.2 MB
Progress (3): 97/139 kB | 60/920 kB | 0/4.2 MB
Progress (3): 97/139 kB | 60/920 kB | 0/4.2 MB
Progress (3): 97/139 kB | 60/920 kB | 0/4.2 MB
Progress (3): 97/139 kB | 60/920 kB | 0/4.2 MB
Progress (3): 97/139 kB | 60/920 kB | 0/4.2 MB
Progress (3): 97/139 kB | 60/920 kB | 0/4.2 MB
Progress (3): 97/139 kB | 60/920 kB | 0/4.2 MB
Progress (3): 97/139 kB | 60/920 kB | 0/4.2 MB
Progress (3): 97/139 kB | 60/920 kB | 0/4.2 MB
Progress (3): 97/139 kB | 60/920 kB | 0/4.2 MB
Progress (3): 97/139 kB | 60/920 kB | 0/4.2 MB
Progress (3): 97/139 kB | 60/920 kB | 0.1/4.2 MB
Progress (3): 97/139 kB | 60/920 kB | 0.1/4.2 MB
Progress (3): 97/139 kB | 60/920 kB | 0.1/4.2 MB
Progress (3): 97/139 kB | 60/920 kB | 0.1/4.2 MB
Progress (3): 97/139 kB | 60/920 kB | 0.1/4.2 MB
Progress (3): 102/139 kB | 60/920 kB | 0.1/4.2 MB
Progress (3): 106/139 kB | 60/920 kB | 0.1/4.2 MB
Progress (3): 110/139 kB | 60/920 kB | 0.1/4.2 MB
Progress (3): 114/139 kB | 60/920 kB | 0.1/4.2 MB
Progress (3): 119/139 kB | 60/920 kB | 0.1/4.2 MB
Progress (3): 123/139 kB | 60/920 kB | 0.1/4.2 MB
Progress (3): 127/139 kB | 60/920 kB | 0.1/4.2 MB
Progress (3): 131/139 kB | 60/920 kB | 0.1/4.2 MB
Progress (3): 136/139 kB | 60/920 kB | 0.1/4.2 MB
Progress (3): 139 kB | 60/920 kB | 0.1/4.2 MB    
                                             
Downloaded from central: https://repo.maven.apache.org/maven2/org/glassfish/jaxb/jaxb-core/4.0.5/jaxb-core-4.0.5.jar (139 kB at 267 kB/s)
#14 10.07 Downloading from central: https://repo.maven.apache.org/maven2/net/bytebuddy/byte-buddy-agent/1.14.19/byte-buddy-agent-1.14.19.jar
#14 10.08 Progress (3): 60/920 kB | 0.1/4.2 MB | 0.9/26 kB
Progress (3): 60/920 kB | 0.1/4.2 MB | 2.3/26 kB
Progress (3): 60/920 kB | 0.1/4.2 MB | 3.6/26 kB
Progress (3): 60/920 kB | 0.1/4.2 MB | 5.0/26 kB
Progress (3): 60/920 kB | 0.1/4.2 MB | 6.4/26 kB
Progress (3): 60/920 kB | 0.1/4.2 MB | 7.7/26 kB
Progress (3): 60/920 kB | 0.1/4.2 MB | 9.1/26 kB
Progress (3): 60/920 kB | 0.1/4.2 MB | 10/26 kB 
Progress (3): 60/920 kB | 0.1/4.2 MB | 12/26 kB
Progress (3): 60/920 kB | 0.1/4.2 MB | 13/26 kB
Progress (3): 60/920 kB | 0.1/4.2 MB | 15/26 kB
Progress (3): 60/920 kB | 0.1/4.2 MB | 16/26 kB
Progress (3): 60/920 kB | 0.1/4.2 MB | 17/26 kB
Progress (3): 60/920 kB | 0.1/4.2 MB | 19/26 kB
Progress (3): 60/920 kB | 0.1/4.2 MB | 20/26 kB
Progress (3): 60/920 kB | 0.1/4.2 MB | 21/26 kB
Progress (3): 60/920 kB | 0.1/4.2 MB | 23/26 kB
Progress (3): 60/920 kB | 0.1/4.2 MB | 24/26 kB
Progress (3): 60/920 kB | 0.1/4.2 MB | 25/26 kB
Progress (3): 60/920 kB | 0.1/4.2 MB | 26 kB   
                                            
Downloaded from central: https://repo.maven.apache.org/maven2/com/sun/istack/istack-commons-runtime/4.1.2/istack-commons-runtime-4.1.2.jar (26 kB at 49 kB/s)
#14 10.08 Progress (2): 64/920 kB | 0.1/4.2 MB
Progress (3): 64/920 kB | 0.1/4.2 MB | 7.7/69 kB
Progress (3): 64/920 kB | 0.1/4.2 MB | 8.2/69 kB
Progress (3): 64/920 kB | 0.1/4.2 MB | 25/69 kB 
Progress (3): 64/920 kB | 0.1/4.2 MB | 41/69 kB
Progress (3): 64/920 kB | 0.1/4.2 MB | 57/69 kB
Progress (3): 68/920 kB | 0.1/4.2 MB | 57/69 kB
Progress (3): 73/920 kB | 0.1/4.2 MB | 57/69 kB
Progress (3): 77/920 kB | 0.1/4.2 MB | 57/69 kB
Progress (3): 77/920 kB | 0.1/4.2 MB | 69 kB   
Progress (3): 81/920 kB | 0.1/4.2 MB | 69 kB
                                            
Downloaded from central: https://repo.maven.apache.org/maven2/org/slf4j/slf4j-api/2.0.16/slf4j-api-2.0.16.jar (69 kB at 127 kB/s)
#14 10.10 Progress (2): 85/920 kB | 0.1/4.2 MB
Progress (2): 89/920 kB | 0.1/4.2 MB
Progress (2): 94/920 kB | 0.1/4.2 MB
Progress (2): 98/920 kB | 0.1/4.2 MB
Progress (2): 98/920 kB | 0.1/4.2 MB
Progress (2): 98/920 kB | 0.1/4.2 MB
Progress (2): 98/920 kB | 0.1/4.2 MB
Progress (2): 98/920 kB | 0.1/4.2 MB
Progress (2): 102/920 kB | 0.1/4.2 MB
Progress (2): 102/920 kB | 0.1/4.2 MB
Progress (2): 102/920 kB | 0.1/4.2 MB
Progress (2): 106/920 kB | 0.1/4.2 MB
Progress (2): 111/920 kB | 0.1/4.2 MB
Progress (2): 115/920 kB | 0.1/4.2 MB
Progress (2): 119/920 kB | 0.1/4.2 MB
Progress (2): 123/920 kB | 0.1/4.2 MB
Progress (2): 123/920 kB | 0.1/4.2 MB
Progress (2): 123/920 kB | 0.1/4.2 MB
Progress (2): 123/920 kB | 0.1/4.2 MB
Progress (2): 123/920 kB | 0.1/4.2 MB
Progress (2): 123/920 kB | 0.1/4.2 MB
Progress (2): 127/920 kB | 0.1/4.2 MB
Progress (2): 127/920 kB | 0.1/4.2 MB
Progress (2): 127/920 kB | 0.1/4.2 MB
Progress (2): 127/920 kB | 0.1/4.2 MB
Progress (2): 127/920 kB | 0.1/4.2 MB
Progress (2): 127/920 kB | 0.1/4.2 MB
Progress (2): 132/920 kB | 0.1/4.2 MB
Progress (2): 136/920 kB | 0.1/4.2 MB
Progress (2): 140/920 kB | 0.1/4.2 MB
Progress (2): 144/920 kB | 0.1/4.2 MB
Progress (2): 149/920 kB | 0.1/4.2 MB
Progress (2): 153/920 kB | 0.1/4.2 MB
Progress (2): 155/920 kB | 0.1/4.2 MB
Progress (2): 159/920 kB | 0.1/4.2 MB
Progress (3): 159/920 kB | 0.1/4.2 MB | 3.8/263 kB
Progress (3): 159/920 kB | 0.1/4.2 MB | 8.0/263 kB
Progress (3): 159/920 kB | 0.1/4.2 MB | 12/263 kB 
Progress (3): 159/920 kB | 0.1/4.2 MB | 16/263 kB
Progress (3): 159/920 kB | 0.1/4.2 MB | 21/263 kB
Progress (3): 159/920 kB | 0.1/4.2 MB | 25/263 kB
Progress (3): 159/920 kB | 0.1/4.2 MB | 29/263 kB
Progress (3): 159/920 kB | 0.1/4.2 MB | 33/263 kB
Progress (3): 159/920 kB | 0.1/4.2 MB | 37/263 kB
Progress (3): 164/920 kB | 0.1/4.2 MB | 37/263 kB
Progress (3): 164/920 kB | 0.1/4.2 MB | 41/263 kB
Progress (3): 164/920 kB | 0.1/4.2 MB | 46/263 kB
Progress (3): 168/920 kB | 0.1/4.2 MB | 46/263 kB
Progress (3): 168/920 kB | 0.1/4.2 MB | 50/263 kB
Progress (3): 168/920 kB | 0.1/4.2 MB | 54/263 kB
Progress (3): 168/920 kB | 0.1/4.2 MB | 58/263 kB
Progress (3): 172/920 kB | 0.1/4.2 MB | 58/263 kB
Progress (3): 172/920 kB | 0.1/4.2 MB | 63/263 kB
Progress (3): 172/920 kB | 0.1/4.2 MB | 63/263 kB
Progress (3): 172/920 kB | 0.1/4.2 MB | 67/263 kB
Progress (3): 172/920 kB | 0.1/4.2 MB | 71/263 kB
Progress (3): 172/920 kB | 0.1/4.2 MB | 75/263 kB
Progress (3): 172/920 kB | 0.1/4.2 MB | 80/263 kB
Progress (3): 172/920 kB | 0.1/4.2 MB | 84/263 kB
Progress (3): 172/920 kB | 0.1/4.2 MB | 84/263 kB
Progress (3): 172/920 kB | 0.1/4.2 MB | 84/263 kB
Progress (3): 172/920 kB | 0.1/4.2 MB | 84/263 kB
Progress (3): 172/920 kB | 0.1/4.2 MB | 84/263 kB
Progress (3): 176/920 kB | 0.1/4.2 MB | 84/263 kB
Progress (3): 181/920 kB | 0.1/4.2 MB | 84/263 kB
Progress (3): 185/920 kB | 0.1/4.2 MB | 84/263 kB
Progress (3): 189/920 kB | 0.1/4.2 MB | 84/263 kB
Progress (3): 189/920 kB | 0.2/4.2 MB | 84/263 kB
Progress (3): 189/920 kB | 0.2/4.2 MB | 84/263 kB
Progress (3): 189/920 kB | 0.2/4.2 MB | 84/263 kB
Progress (3): 189/920 kB | 0.2/4.2 MB | 84/263 kB
Progress (3): 193/920 kB | 0.2/4.2 MB | 84/263 kB
Progress (3): 197/920 kB | 0.2/4.2 MB | 84/263 kB
Progress (3): 202/920 kB | 0.2/4.2 MB | 84/263 kB
Progress (3): 206/920 kB | 0.2/4.2 MB | 84/263 kB
Progress (3): 206/920 kB | 0.2/4.2 MB | 84/263 kB
Progress (3): 206/920 kB | 0.2/4.2 MB | 84/263 kB
Progress (3): 206/920 kB | 0.2/4.2 MB | 84/263 kB
Progress (3): 206/920 kB | 0.2/4.2 MB | 84/263 kB
Progress (3): 206/920 kB | 0.2/4.2 MB | 84/263 kB
Progress (3): 206/920 kB | 0.2/4.2 MB | 84/263 kB
Progress (3): 206/920 kB | 0.2/4.2 MB | 84/263 kB
Progress (3): 206/920 kB | 0.2/4.2 MB | 84/263 kB
Progress (3): 206/920 kB | 0.2/4.2 MB | 84/263 kB
Progress (3): 210/920 kB | 0.2/4.2 MB | 84/263 kB
Progress (3): 214/920 kB | 0.2/4.2 MB | 84/263 kB
Progress (3): 219/920 kB | 0.2/4.2 MB | 84/263 kB
Progress (3): 223/920 kB | 0.2/4.2 MB | 84/263 kB
Progress (3): 223/920 kB | 0.2/4.2 MB | 100/263 kB
Progress (3): 223/920 kB | 0.2/4.2 MB | 117/263 kB
Progress (3): 223/920 kB | 0.2/4.2 MB | 133/263 kB
Progress (3): 239/920 kB | 0.2/4.2 MB | 133/263 kB
Progress (3): 239/920 kB | 0.2/4.2 MB | 149/263 kB
Progress (3): 239/920 kB | 0.2/4.2 MB | 156/263 kB
Progress (3): 239/920 kB | 0.2/4.2 MB | 166/263 kB
Progress (3): 239/920 kB | 0.2/4.2 MB | 166/263 kB
Progress (3): 239/920 kB | 0.2/4.2 MB | 166/263 kB
Progress (3): 239/920 kB | 0.2/4.2 MB | 182/263 kB
Progress (3): 239/920 kB | 0.2/4.2 MB | 182/263 kB
Progress (3): 239/920 kB | 0.2/4.2 MB | 182/263 kB
Progress (3): 239/920 kB | 0.2/4.2 MB | 182/263 kB
Progress (3): 256/920 kB | 0.2/4.2 MB | 182/263 kB
Progress (3): 256/920 kB | 0.2/4.2 MB | 182/263 kB
Progress (3): 272/920 kB | 0.2/4.2 MB | 182/263 kB
Progress (3): 286/920 kB | 0.2/4.2 MB | 182/263 kB
Progress (3): 286/920 kB | 0.3/4.2 MB | 182/263 kB
Progress (3): 286/920 kB | 0.3/4.2 MB | 182/263 kB
Progress (3): 303/920 kB | 0.3/4.2 MB | 182/263 kB
Progress (3): 303/920 kB | 0.3/4.2 MB | 198/263 kB
Progress (3): 303/920 kB | 0.3/4.2 MB | 215/263 kB
Progress (3): 303/920 kB | 0.3/4.2 MB | 231/263 kB
Progress (3): 319/920 kB | 0.3/4.2 MB | 231/263 kB
Progress (3): 335/920 kB | 0.3/4.2 MB | 231/263 kB
Progress (3): 335/920 kB | 0.3/4.2 MB | 248/263 kB
Progress (3): 335/920 kB | 0.3/4.2 MB | 263 kB    
Progress (3): 335/920 kB | 0.3/4.2 MB | 263 kB
Progress (3): 335/920 kB | 0.3/4.2 MB | 263 kB
Progress (3): 352/920 kB | 0.3/4.2 MB | 263 kB
                                              
Downloaded from central: https://repo.maven.apache.org/maven2/net/bytebuddy/byte-buddy-agent/1.14.19/byte-buddy-agent-1.14.19.jar (263 kB at 269 kB/s)
#14 10.56 Progress (2): 352/920 kB | 0.3/4.2 MB
Progress (2): 368/920 kB | 0.3/4.2 MB
Progress (2): 368/920 kB | 0.3/4.2 MB
Progress (2): 368/920 kB | 0.3/4.2 MB
Progress (2): 385/920 kB | 0.3/4.2 MB
Progress (2): 385/920 kB | 0.4/4.2 MB
Progress (2): 401/920 kB | 0.4/4.2 MB
Progress (2): 401/920 kB | 0.4/4.2 MB
Progress (2): 417/920 kB | 0.4/4.2 MB
Progress (2): 434/920 kB | 0.4/4.2 MB
Progress (2): 450/920 kB | 0.4/4.2 MB
Progress (2): 466/920 kB | 0.4/4.2 MB
Progress (2): 466/920 kB | 0.4/4.2 MB
Progress (2): 483/920 kB | 0.4/4.2 MB
Progress (2): 483/920 kB | 0.4/4.2 MB
Progress (2): 483/920 kB | 0.4/4.2 MB
Progress (2): 483/920 kB | 0.4/4.2 MB
Progress (2): 499/920 kB | 0.4/4.2 MB
Progress (2): 516/920 kB | 0.4/4.2 MB
Progress (2): 532/920 kB | 0.4/4.2 MB
Progress (2): 532/920 kB | 0.5/4.2 MB
Progress (2): 548/920 kB | 0.5/4.2 MB
Progress (2): 565/920 kB | 0.5/4.2 MB
Progress (2): 565/920 kB | 0.5/4.2 MB
Progress (2): 581/920 kB | 0.5/4.2 MB
Progress (2): 581/920 kB | 0.5/4.2 MB
Progress (2): 598/920 kB | 0.5/4.2 MB
Progress (2): 598/920 kB | 0.5/4.2 MB
Progress (2): 614/920 kB | 0.5/4.2 MB
Progress (2): 614/920 kB | 0.5/4.2 MB
Progress (2): 630/920 kB | 0.5/4.2 MB
Progress (2): 630/920 kB | 0.5/4.2 MB
Progress (2): 630/920 kB | 0.5/4.2 MB
Progress (2): 630/920 kB | 0.6/4.2 MB
Progress (2): 647/920 kB | 0.6/4.2 MB
Progress (2): 647/920 kB | 0.6/4.2 MB
Progress (2): 647/920 kB | 0.6/4.2 MB
Progress (2): 663/920 kB | 0.6/4.2 MB
Progress (2): 663/920 kB | 0.6/4.2 MB
Progress (2): 663/920 kB | 0.6/4.2 MB
Progress (2): 663/920 kB | 0.6/4.2 MB
Progress (2): 679/920 kB | 0.6/4.2 MB
Progress (2): 679/920 kB | 0.7/4.2 MB
Progress (2): 696/920 kB | 0.7/4.2 MB
Progress (2): 712/920 kB | 0.7/4.2 MB
Progress (2): 729/920 kB | 0.7/4.2 MB
Progress (2): 745/920 kB | 0.7/4.2 MB
Progress (2): 761/920 kB | 0.7/4.2 MB
Progress (2): 778/920 kB | 0.7/4.2 MB
Progress (2): 794/920 kB | 0.7/4.2 MB
Progress (2): 794/920 kB | 0.7/4.2 MB
Progress (2): 811/920 kB | 0.7/4.2 MB
Progress (2): 811/920 kB | 0.7/4.2 MB
Progress (2): 811/920 kB | 0.7/4.2 MB
Progress (2): 827/920 kB | 0.7/4.2 MB
Progress (2): 843/920 kB | 0.7/4.2 MB
Progress (2): 843/920 kB | 0.7/4.2 MB
Progress (2): 843/920 kB | 0.7/4.2 MB
Progress (2): 860/920 kB | 0.7/4.2 MB
Progress (2): 876/920 kB | 0.7/4.2 MB
Progress (2): 892/920 kB | 0.7/4.2 MB
Progress (2): 892/920 kB | 0.8/4.2 MB
Progress (2): 909/920 kB | 0.8/4.2 MB
Progress (2): 920 kB | 0.8/4.2 MB    
                                 
Downloaded from central: https://repo.maven.apache.org/maven2/org/glassfish/jaxb/jaxb-runtime/4.0.5/jaxb-runtime-4.0.5.jar (920 kB at 551 kB/s)
#14 11.22 Progress (1): 0.8/4.2 MB
Progress (1): 0.8/4.2 MB
Progress (1): 0.8/4.2 MB
Progress (1): 0.8/4.2 MB
Progress (1): 0.8/4.2 MB
Progress (1): 0.9/4.2 MB
Progress (1): 0.9/4.2 MB
Progress (1): 0.9/4.2 MB
Progress (1): 0.9/4.2 MB
Progress (1): 0.9/4.2 MB
Progress (1): 0.9/4.2 MB
Progress (1): 1.0/4.2 MB
Progress (1): 1.0/4.2 MB
Progress (1): 1.0/4.2 MB
Progress (1): 1.0/4.2 MB
Progress (1): 1.0/4.2 MB
Progress (1): 1.0/4.2 MB
Progress (1): 1.1/4.2 MB
Progress (1): 1.1/4.2 MB
Progress (1): 1.1/4.2 MB
Progress (1): 1.1/4.2 MB
Progress (1): 1.1/4.2 MB
Progress (1): 1.1/4.2 MB
Progress (1): 1.2/4.2 MB
Progress (1): 1.2/4.2 MB
Progress (1): 1.2/4.2 MB
Progress (1): 1.2/4.2 MB
Progress (1): 1.2/4.2 MB
Progress (1): 1.2/4.2 MB
Progress (1): 1.3/4.2 MB
Progress (1): 1.3/4.2 MB
Progress (1): 1.3/4.2 MB
Progress (1): 1.3/4.2 MB
Progress (1): 1.3/4.2 MB
Progress (1): 1.3/4.2 MB
Progress (1): 1.4/4.2 MB
Progress (1): 1.4/4.2 MB
Progress (1): 1.4/4.2 MB
Progress (1): 1.4/4.2 MB
Progress (1): 1.4/4.2 MB
Progress (1): 1.4/4.2 MB
Progress (1): 1.4/4.2 MB
Progress (1): 1.5/4.2 MB
Progress (1): 1.5/4.2 MB
Progress (1): 1.5/4.2 MB
Progress (1): 1.5/4.2 MB
Progress (1): 1.5/4.2 MB
Progress (1): 1.5/4.2 MB
Progress (1): 1.6/4.2 MB
Progress (1): 1.6/4.2 MB
Progress (1): 1.6/4.2 MB
Progress (1): 1.6/4.2 MB
Progress (1): 1.6/4.2 MB
Progress (1): 1.6/4.2 MB
Progress (1): 1.7/4.2 MB
Progress (1): 1.7/4.2 MB
Progress (1): 1.7/4.2 MB
Progress (1): 1.7/4.2 MB
Progress (1): 1.7/4.2 MB
Progress (1): 1.7/4.2 MB
Progress (1): 1.8/4.2 MB
Progress (1): 1.8/4.2 MB
Progress (1): 1.8/4.2 MB
Progress (1): 1.8/4.2 MB
Progress (1): 1.8/4.2 MB
Progress (1): 1.8/4.2 MB
Progress (1): 1.9/4.2 MB
Progress (1): 1.9/4.2 MB
Progress (1): 1.9/4.2 MB
Progress (1): 1.9/4.2 MB
Progress (1): 1.9/4.2 MB
Progress (1): 1.9/4.2 MB
Progress (1): 2.0/4.2 MB
Progress (1): 2.0/4.2 MB
Progress (1): 2.0/4.2 MB
Progress (1): 2.0/4.2 MB
Progress (1): 2.0/4.2 MB
Progress (1): 2.0/4.2 MB
Progress (1): 2.1/4.2 MB
Progress (1): 2.1/4.2 MB
Progress (1): 2.1/4.2 MB
Progress (1): 2.1/4.2 MB
Progress (1): 2.1/4.2 MB
Progress (1): 2.1/4.2 MB
Progress (1): 2.2/4.2 MB
Progress (1): 2.2/4.2 MB
Progress (1): 2.2/4.2 MB
Progress (1): 2.2/4.2 MB
Progress (1): 2.2/4.2 MB
Progress (1): 2.2/4.2 MB
Progress (1): 2.3/4.2 MB
Progress (1): 2.3/4.2 MB
Progress (1): 2.3/4.2 MB
Progress (1): 2.3/4.2 MB
Progress (1): 2.3/4.2 MB
Progress (1): 2.3/4.2 MB
Progress (1): 2.4/4.2 MB
Progress (1): 2.4/4.2 MB
Progress (1): 2.4/4.2 MB
Progress (1): 2.4/4.2 MB
Progress (1): 2.4/4.2 MB
Progress (1): 2.4/4.2 MB
Progress (1): 2.4/4.2 MB
Progress (1): 2.5/4.2 MB
Progress (1): 2.5/4.2 MB
Progress (1): 2.5/4.2 MB
Progress (1): 2.5/4.2 MB
Progress (1): 2.5/4.2 MB
Progress (1): 2.5/4.2 MB
Progress (1): 2.6/4.2 MB
Progress (1): 2.6/4.2 MB
Progress (1): 2.6/4.2 MB
Progress (1): 2.6/4.2 MB
Progress (1): 2.6/4.2 MB
Progress (1): 2.6/4.2 MB
Progress (1): 2.7/4.2 MB
Progress (1): 2.7/4.2 MB
Progress (1): 2.7/4.2 MB
Progress (1): 2.7/4.2 MB
Progress (1): 2.7/4.2 MB
Progress (1): 2.7/4.2 MB
Progress (1): 2.8/4.2 MB
Progress (1): 2.8/4.2 MB
Progress (1): 2.8/4.2 MB
Progress (1): 2.8/4.2 MB
Progress (1): 2.8/4.2 MB
Progress (1): 2.8/4.2 MB
Progress (1): 2.9/4.2 MB
Progress (1): 2.9/4.2 MB
Progress (1): 2.9/4.2 MB
Progress (1): 2.9/4.2 MB
Progress (1): 2.9/4.2 MB
Progress (1): 2.9/4.2 MB
Progress (1): 3.0/4.2 MB
Progress (1): 3.0/4.2 MB
Progress (1): 3.0/4.2 MB
Progress (1): 3.0/4.2 MB
Progress (1): 3.0/4.2 MB
Progress (1): 3.0/4.2 MB
Progress (1): 3.1/4.2 MB
Progress (1): 3.1/4.2 MB
Progress (1): 3.1/4.2 MB
Progress (1): 3.1/4.2 MB
Progress (1): 3.1/4.2 MB
Progress (1): 3.1/4.2 MB
Progress (1): 3.2/4.2 MB
Progress (1): 3.2/4.2 MB
Progress (1): 3.2/4.2 MB
Progress (1): 3.2/4.2 MB
Progress (1): 3.2/4.2 MB
Progress (1): 3.2/4.2 MB
Progress (1): 3.3/4.2 MB
Progress (1): 3.3/4.2 MB
Progress (1): 3.3/4.2 MB
Progress (1): 3.3/4.2 MB
Progress (1): 3.3/4.2 MB
Progress (1): 3.3/4.2 MB
Progress (1): 3.4/4.2 MB
Progress (1): 3.4/4.2 MB
Progress (1): 3.4/4.2 MB
Progress (1): 3.4/4.2 MB
Progress (1): 3.4/4.2 MB
Progress (1): 3.4/4.2 MB
Progress (1): 3.4/4.2 MB
Progress (1): 3.5/4.2 MB
Progress (1): 3.5/4.2 MB
Progress (1): 3.5/4.2 MB
Progress (1): 3.5/4.2 MB
Progress (1): 3.5/4.2 MB
Progress (1): 3.5/4.2 MB
Progress (1): 3.6/4.2 MB
Progress (1): 3.6/4.2 MB
Progress (1): 3.6/4.2 MB
Progress (1): 3.6/4.2 MB
Progress (1): 3.6/4.2 MB
Progress (1): 3.6/4.2 MB
Progress (1): 3.7/4.2 MB
Progress (1): 3.7/4.2 MB
Progress (1): 3.7/4.2 MB
Progress (1): 3.7/4.2 MB
Progress (1): 3.7/4.2 MB
Progress (1): 3.7/4.2 MB
Progress (1): 3.8/4.2 MB
Progress (1): 3.8/4.2 MB
Progress (1): 3.8/4.2 MB
Progress (1): 3.8/4.2 MB
Progress (1): 3.8/4.2 MB
Progress (1): 3.8/4.2 MB
Progress (1): 3.9/4.2 MB
Progress (1): 3.9/4.2 MB
Progress (1): 3.9/4.2 MB
Progress (1): 3.9/4.2 MB
Progress (1): 3.9/4.2 MB
Progress (1): 3.9/4.2 MB
Progress (1): 4.0/4.2 MB
Progress (1): 4.0/4.2 MB
Progress (1): 4.0/4.2 MB
Progress (1): 4.0/4.2 MB
Progress (1): 4.0/4.2 MB
Progress (1): 4.0/4.2 MB
Progress (1): 4.1/4.2 MB
Progress (1): 4.1/4.2 MB
Progress (1): 4.1/4.2 MB
Progress (1): 4.1/4.2 MB
Progress (1): 4.1/4.2 MB
Progress (1): 4.1/4.2 MB
Progress (1): 4.2/4.2 MB
Progress (1): 4.2/4.2 MB
Progress (1): 4.2/4.2 MB
Progress (1): 4.2/4.2 MB
Progress (1): 4.2/4.2 MB
Progress (1): 4.2 MB    
                    
Downloaded from central: https://repo.maven.apache.org/maven2/net/bytebuddy/byte-buddy/1.14.19/byte-buddy-1.14.19.jar (4.2 MB at 1.2 MB/s)
#14 13.00 [INFO] 
#14 13.00 [INFO] --- clean:3.3.2:clean (default-clean) @ finance-service ---
#14 13.09 [INFO] 
#14 13.09 [INFO] --- resources:3.3.1:resources (default-resources) @ finance-service ---
#14 13.28 [INFO] Copying 1 resource from src/main/resources to target/classes
#14 13.31 [INFO] Copying 10 resources from src/main/resources to target/classes
#14 13.33 [INFO] 
#14 13.33 [INFO] --- compiler:3.13.0:compile (default-compile) @ finance-service ---
#14 13.57 [INFO] Recompiling the module because of changed source code.
#14 13.59 [INFO] Compiling 25 source files with javac [debug parameters release 21] to target/classes
#14 16.96 [INFO] Annotation processing is enabled because one or more processors were found
#14 16.96   on the class path. A future release of javac may disable annotation processing
#14 16.96   unless at least one processor is specified by name (-processor), or a search
#14 16.96   path is specified (--processor-path, --processor-module-path), or annotation
#14 16.96   processing is enabled explicitly (-proc:only, -proc:full).
#14 16.96   Use -Xlint:-options to suppress this message.
#14 16.96   Use -proc:none to disable annotation processing.
#14 16.96 [INFO] /app/src/main/java/com/dalupotha/finance/service/FinanceService.java: /app/src/main/java/com/dalupotha/finance/service/FinanceService.java uses unchecked or unsafe operations.
#14 16.96 [INFO] /app/src/main/java/com/dalupotha/finance/service/FinanceService.java: Recompile with -Xlint:unchecked for details.
#14 16.96 [INFO] -------------------------------------------------------------
#14 16.96 [ERROR] COMPILATION ERROR : 
#14 16.96 [INFO] -------------------------------------------------------------
#14 16.96 [ERROR] /app/src/main/java/com/dalupotha/finance/service/FinanceService.java:[141,19] cannot find symbol
#14 16.96   symbol:   method setRequestId(java.util.UUID)
#14 16.96   location: variable ledger of type com.dalupotha.finance.entity.FinancialLedgerEntity
#14 16.96 [ERROR] /app/src/main/java/com/dalupotha/finance/service/FinanceService.java:[176,40] method search in interface com.dalupotha.finance.repository.ServiceRequestRepository cannot be applied to given types;
#14 16.96   required: java.util.UUID,java.util.UUID,com.dalupotha.finance.model.RequestType,com.dalupotha.finance.model.RequestStatus,org.springframework.data.domain.Pageable
#14 16.96   found:    java.util.UUID,java.util.UUID,java.lang.String,com.dalupotha.finance.model.RequestType,com.dalupotha.finance.model.RequestStatus,java.util.UUID,org.springframework.data.domain.PageRequest
#14 16.96   reason: actual and formal argument lists differ in length
#14 16.96 [ERROR] /app/src/main/java/com/dalupotha/finance/service/FinanceService.java:[226,83] cannot find symbol
#14 16.96   symbol:   method findOptionalByRequestId(java.util.UUID)
#14 16.96   location: variable financialLedgerRepository of type com.dalupotha.finance.repository.FinancialLedgerRepository
#14 16.96 [ERROR] /app/src/main/java/com/dalupotha/finance/service/FinanceService.java:[250,19] cannot find symbol
#14 16.96   symbol:   method setRequestId(java.util.UUID)
#14 16.96   location: variable ledger of type com.dalupotha.finance.entity.FinancialLedgerEntity
#14 16.96 [ERROR] /app/src/main/java/com/dalupotha/finance/service/FinanceService.java:[323,23] cannot find symbol
#14 16.96   symbol:   method getRequestId()
#14 16.96   location: variable entity of type com.dalupotha.finance.entity.FinancialLedgerEntity
#14 16.96 [INFO] 5 errors 
#14 16.96 [INFO] -------------------------------------------------------------
#14 16.96 [INFO] ------------------------------------------------------------------------
#14 16.96 [INFO] BUILD FAILURE
#14 16.96 [INFO] ------------------------------------------------------------------------
#14 16.96 [INFO] Total time:  13.035 s
#14 16.96 [INFO] Finished at: 2026-05-15T09:28:29Z
#14 16.96 [INFO] ------------------------------------------------------------------------
#14 16.97 [ERROR] Failed to execute goal org.apache.maven.plugins:maven-compiler-plugin:3.13.0:compile (default-compile) on project finance-service: Compilation failure: Compilation failure: 
#14 16.97 [ERROR] /app/src/main/java/com/dalupotha/finance/service/FinanceService.java:[141,19] cannot find symbol
#14 16.97 [ERROR]   symbol:   method setRequestId(java.util.UUID)
#14 16.97 [ERROR]   location: variable ledger of type com.dalupotha.finance.entity.FinancialLedgerEntity
#14 16.97 [ERROR] /app/src/main/java/com/dalupotha/finance/service/FinanceService.java:[176,40] method search in interface com.dalupotha.finance.repository.ServiceRequestRepository cannot be applied to given types;
#14 16.97 [ERROR]   required: java.util.UUID,java.util.UUID,com.dalupotha.finance.model.RequestType,com.dalupotha.finance.model.RequestStatus,org.springframework.data.domain.Pageable
#14 16.97 [ERROR]   found:    java.util.UUID,java.util.UUID,java.lang.String,com.dalupotha.finance.model.RequestType,com.dalupotha.finance.model.RequestStatus,java.util.UUID,org.springframework.data.domain.PageRequest
#14 16.97 [ERROR]   reason: actual and formal argument lists differ in length
#14 16.97 [ERROR] /app/src/main/java/com/dalupotha/finance/service/FinanceService.java:[226,83] cannot find symbol
#14 16.97 [ERROR]   symbol:   method findOptionalByRequestId(java.util.UUID)
#14 16.97 [ERROR]   location: variable financialLedgerRepository of type com.dalupotha.finance.repository.FinancialLedgerRepository
#14 16.97 [ERROR] /app/src/main/java/com/dalupotha/finance/service/FinanceService.java:[250,19] cannot find symbol
#14 16.97 [ERROR]   symbol:   method setRequestId(java.util.UUID)
#14 16.97 [ERROR]   location: variable ledger of type com.dalupotha.finance.entity.FinancialLedgerEntity
#14 16.97 [ERROR] /app/src/main/java/com/dalupotha/finance/service/FinanceService.java:[323,23] cannot find symbol
#14 16.97 [ERROR]   symbol:   method getRequestId()
#14 16.97 [ERROR]   location: variable entity of type com.dalupotha.finance.entity.FinancialLedgerEntity
#14 16.97 [ERROR] -> [Help 1]
#14 16.97 [ERROR] 
#14 16.97 [ERROR] To see the full stack trace of the errors, re-run Maven with the -e switch.
#14 16.97 [ERROR] Re-run Maven using the -X switch to enable full debug logging.
#14 16.97 [ERROR] 
#14 16.97 [ERROR] For more information about the errors and possible solutions, please read the following articles:
#14 16.97 [ERROR] [Help 1] http://cwiki.apache.org/confluence/display/MAVEN/MojoFailureException
#14 ERROR: process "/bin/sh -c mvn -DskipTests clean package" did not complete successfully: exit code: 1
------
 > [build 6/6] RUN mvn -DskipTests clean package:
16.97 [ERROR] /app/src/main/java/com/dalupotha/finance/service/FinanceService.java:[323,23] cannot find symbol
16.97 [ERROR]   symbol:   method getRequestId()
16.97 [ERROR]   location: variable entity of type com.dalupotha.finance.entity.FinancialLedgerEntity
16.97 [ERROR] -> [Help 1]
16.97 [ERROR] 
16.97 [ERROR] To see the full stack trace of the errors, re-run Maven with the -e switch.
16.97 [ERROR] Re-run Maven using the -X switch to enable full debug logging.
16.97 [ERROR] 
16.97 [ERROR] For more information about the errors and possible solutions, please read the following articles:
16.97 [ERROR] [Help 1] http://cwiki.apache.org/confluence/display/MAVEN/MojoFailureException
------
