#1 [internal] load local bake definitions
#1 reading from stdin 1.84kB done
#1 DONE 0.0s

#2 [internal] load build definition from Dockerfile
#2 transferring dockerfile: 344B 0.0s done
#2 DONE 0.0s

#3 [internal] load metadata for docker.io/library/maven:3.9.9-eclipse-temurin-21
#3 DONE 0.0s

#4 [internal] load metadata for docker.io/library/eclipse-temurin:21-jre
#4 DONE 0.7s

#5 [internal] load .dockerignore
#5 transferring context: 2B done
#5 DONE 0.0s

#6 [stage-1 1/3] FROM docker.io/library/eclipse-temurin:21-jre@sha256:010e0a06bd4e0184dec58626afb3ba727b42c56c91b977e2f0a9e0837e0fa3fb
#6 resolve docker.io/library/eclipse-temurin:21-jre@sha256:010e0a06bd4e0184dec58626afb3ba727b42c56c91b977e2f0a9e0837e0fa3fb 0.0s done
#6 DONE 0.0s

#7 [build 1/6] FROM docker.io/library/maven:3.9.9-eclipse-temurin-21@sha256:3a4ab3276a087bf276f79cae96b1af04f53731bec53fb2e651aca79e4b10211e
#7 resolve docker.io/library/maven:3.9.9-eclipse-temurin-21@sha256:3a4ab3276a087bf276f79cae96b1af04f53731bec53fb2e651aca79e4b10211e 0.0s done
#7 DONE 0.0s

#8 [internal] load build context
#8 transferring context: 3.96kB 0.0s done
#8 DONE 0.0s

#9 [build 3/6] COPY pom.xml .
#9 CACHED

#10 [build 4/6] RUN mvn -q -DskipTests dependency:go-offline
#10 CACHED

#11 [build 2/6] WORKDIR /app
#11 CACHED

#12 [build 5/6] COPY src ./src
#12 CACHED

#13 [build 6/6] RUN mvn -DskipTests clean package
#13 3.294 [INFO] Scanning for projects...
#13 3.885 [INFO] 
#13 3.886 [INFO] -------------------< com.dalupotha:finance-service >--------------------
#13 3.886 [INFO] Building finance-service 0.0.1-SNAPSHOT
#13 3.886 [INFO]   from pom.xml
#13 3.887 [INFO] --------------------------------[ jar ]---------------------------------
#13 4.732 Downloading from central: https://repo.maven.apache.org/maven2/org/jboss/logging/jboss-logging/3.5.3.Final/jboss-logging-3.5.3.Final.pom
#13 5.323 Progress (1): 755 B
Progress (1): 1.9 kB
Progress (1): 4.1 kB
Progress (1): 8.3 kB
Progress (1): 15 kB 
Progress (1): 18 kB
Progress (1): 19 kB
                   
Downloaded from central: https://repo.maven.apache.org/maven2/org/jboss/logging/jboss-logging/3.5.3.Final/jboss-logging-3.5.3.Final.pom (19 kB at 30 kB/s)
#13 5.369 Downloading from central: https://repo.maven.apache.org/maven2/org/jboss/logging/logging-parent/1.0.1.Final/logging-parent-1.0.1.Final.pom
#13 5.452 Progress (1): 1.2 kB
Progress (1): 2.6 kB
Progress (1): 6.0 kB
                    
Downloaded from central: https://repo.maven.apache.org/maven2/org/jboss/logging/logging-parent/1.0.1.Final/logging-parent-1.0.1.Final.pom (6.0 kB at 68 kB/s)
#13 5.482 Downloading from central: https://repo.maven.apache.org/maven2/com/fasterxml/classmate/1.7.0/classmate-1.7.0.pom
#13 5.545 Progress (1): 1.2 kB
Progress (1): 2.4 kB
Progress (1): 4.4 kB
Progress (1): 7.0 kB
                    
Downloaded from central: https://repo.maven.apache.org/maven2/com/fasterxml/classmate/1.7.0/classmate-1.7.0.pom (7.0 kB at 107 kB/s)
#13 5.556 Downloading from central: https://repo.maven.apache.org/maven2/net/bytebuddy/byte-buddy/1.14.19/byte-buddy-1.14.19.pom
#13 5.614 Progress (1): 973 B
Progress (1): 2.8 kB
Progress (1): 5.9 kB
Progress (1): 13 kB 
Progress (1): 16 kB
Progress (1): 16 kB
                   
Downloaded from central: https://repo.maven.apache.org/maven2/net/bytebuddy/byte-buddy/1.14.19/byte-buddy-1.14.19.pom (16 kB at 253 kB/s)
#13 5.624 Downloading from central: https://repo.maven.apache.org/maven2/net/bytebuddy/byte-buddy-parent/1.14.19/byte-buddy-parent-1.14.19.pom
#13 5.684 Progress (1): 829 B
Progress (1): 1.7 kB
Progress (1): 3.1 kB
Progress (1): 5.5 kB
Progress (1): 7.0 kB
Progress (1): 8.9 kB
Progress (1): 12 kB 
Progress (1): 13 kB
Progress (1): 17 kB
Progress (1): 22 kB
Progress (1): 24 kB
Progress (1): 31 kB
Progress (1): 46 kB
Progress (1): 49 kB
Progress (1): 54 kB
Progress (1): 58 kB
Progress (1): 62 kB
                   
Downloaded from central: https://repo.maven.apache.org/maven2/net/bytebuddy/byte-buddy-parent/1.14.19/byte-buddy-parent-1.14.19.pom (62 kB at 877 kB/s)
#13 5.713 Downloading from central: https://repo.maven.apache.org/maven2/org/glassfish/jaxb/jaxb-runtime/4.0.5/jaxb-runtime-4.0.5.pom
#13 5.766 Progress (1): 806 B
Progress (1): 2.4 kB
Progress (1): 6.4 kB
Progress (1): 9.2 kB
Progress (1): 11 kB 
                   
Downloaded from central: https://repo.maven.apache.org/maven2/org/glassfish/jaxb/jaxb-runtime/4.0.5/jaxb-runtime-4.0.5.pom (11 kB at 197 kB/s)
#13 5.776 Downloading from central: https://repo.maven.apache.org/maven2/com/sun/xml/bind/mvn/jaxb-runtime-parent/4.0.5/jaxb-runtime-parent-4.0.5.pom
#13 5.861 Progress (1): 932 B
Progress (1): 1.2 kB
                    
Downloaded from central: https://repo.maven.apache.org/maven2/com/sun/xml/bind/mvn/jaxb-runtime-parent/4.0.5/jaxb-runtime-parent-4.0.5.pom (1.2 kB at 13 kB/s)
#13 5.872 Downloading from central: https://repo.maven.apache.org/maven2/com/sun/xml/bind/mvn/jaxb-parent/4.0.5/jaxb-parent-4.0.5.pom
#13 5.921 Progress (1): 778 B
Progress (1): 2.0 kB
Progress (1): 4.0 kB
Progress (1): 5.7 kB
Progress (1): 8.2 kB
Progress (1): 14 kB 
Progress (1): 18 kB
Progress (1): 22 kB
Progress (1): 28 kB
Progress (1): 33 kB
Progress (1): 35 kB
                   
Downloaded from central: https://repo.maven.apache.org/maven2/com/sun/xml/bind/mvn/jaxb-parent/4.0.5/jaxb-parent-4.0.5.pom (35 kB at 604 kB/s)
#13 5.935 Downloading from central: https://repo.maven.apache.org/maven2/com/sun/xml/bind/jaxb-bom-ext/4.0.5/jaxb-bom-ext-4.0.5.pom
#13 6.040 Progress (1): 863 B
Progress (1): 2.6 kB
Progress (1): 3.5 kB
                    
Downloaded from central: https://repo.maven.apache.org/maven2/com/sun/xml/bind/jaxb-bom-ext/4.0.5/jaxb-bom-ext-4.0.5.pom (3.5 kB at 32 kB/s)
#13 6.050 Downloading from central: https://repo.maven.apache.org/maven2/org/glassfish/jaxb/jaxb-core/4.0.5/jaxb-core-4.0.5.pom
#13 6.114 Progress (1): 898 B
Progress (1): 2.5 kB
Progress (1): 3.7 kB
                    
Downloaded from central: https://repo.maven.apache.org/maven2/org/glassfish/jaxb/jaxb-core/4.0.5/jaxb-core-4.0.5.pom (3.7 kB at 55 kB/s)
#13 6.136 Downloading from central: https://repo.maven.apache.org/maven2/org/eclipse/angus/angus-activation/2.0.2/angus-activation-2.0.2.pom
#13 6.198 Progress (1): 930 B
Progress (1): 2.5 kB
Progress (1): 4.0 kB
                    
Downloaded from central: https://repo.maven.apache.org/maven2/org/eclipse/angus/angus-activation/2.0.2/angus-activation-2.0.2.pom (4.0 kB at 60 kB/s)
#13 6.214 Downloading from central: https://repo.maven.apache.org/maven2/org/eclipse/angus/angus-activation-project/2.0.2/angus-activation-project-2.0.2.pom
#13 6.267 Progress (1): 873 B
Progress (1): 2.1 kB
Progress (1): 4.0 kB
Progress (1): 9.5 kB
Progress (1): 13 kB 
Progress (1): 17 kB
Progress (1): 20 kB
Progress (1): 21 kB
                   
Downloaded from central: https://repo.maven.apache.org/maven2/org/eclipse/angus/angus-activation-project/2.0.2/angus-activation-project-2.0.2.pom (21 kB at 342 kB/s)
#13 6.299 Downloading from central: https://repo.maven.apache.org/maven2/org/glassfish/jaxb/txw2/4.0.5/txw2-4.0.5.pom
#13 6.369 Progress (1): 931 B
Progress (1): 1.8 kB
                    
Downloaded from central: https://repo.maven.apache.org/maven2/org/glassfish/jaxb/txw2/4.0.5/txw2-4.0.5.pom (1.8 kB at 24 kB/s)
#13 6.383 Downloading from central: https://repo.maven.apache.org/maven2/com/sun/xml/bind/mvn/jaxb-txw-parent/4.0.5/jaxb-txw-parent-4.0.5.pom
#13 6.462 Progress (1): 930 B
Progress (1): 1.2 kB
                    
Downloaded from central: https://repo.maven.apache.org/maven2/com/sun/xml/bind/mvn/jaxb-txw-parent/4.0.5/jaxb-txw-parent-4.0.5.pom (1.2 kB at 14 kB/s)
#13 6.483 Downloading from central: https://repo.maven.apache.org/maven2/com/sun/istack/istack-commons-runtime/4.1.2/istack-commons-runtime-4.1.2.pom
#13 6.552 Progress (1): 933 B
Progress (1): 1.6 kB
                    
Downloaded from central: https://repo.maven.apache.org/maven2/com/sun/istack/istack-commons-runtime/4.1.2/istack-commons-runtime-4.1.2.pom (1.6 kB at 21 kB/s)
#13 6.577 Downloading from central: https://repo.maven.apache.org/maven2/com/sun/istack/istack-commons/4.1.2/istack-commons-4.1.2.pom
#13 6.637 Progress (1): 794 B
Progress (1): 2.6 kB
Progress (1): 4.8 kB
Progress (1): 12 kB 
Progress (1): 17 kB
Progress (1): 21 kB
Progress (1): 26 kB
Progress (1): 26 kB
                   
Downloaded from central: https://repo.maven.apache.org/maven2/com/sun/istack/istack-commons/4.1.2/istack-commons-4.1.2.pom (26 kB at 355 kB/s)
#13 6.909 Downloading from central: https://repo.maven.apache.org/maven2/net/bytebuddy/byte-buddy-agent/1.14.19/byte-buddy-agent-1.14.19.pom
#13 7.195 Progress (1): 1.2 kB
Progress (1): 3.6 kB
Progress (1): 6.2 kB
Progress (1): 10 kB 
                   
Downloaded from central: https://repo.maven.apache.org/maven2/net/bytebuddy/byte-buddy-agent/1.14.19/byte-buddy-agent-1.14.19.pom (10 kB at 36 kB/s)
#13 7.494 Downloading from central: https://repo.maven.apache.org/maven2/org/jboss/logging/jboss-logging/3.5.3.Final/jboss-logging-3.5.3.Final.jar
#13 7.822 Progress (1): 3.8/59 kB
Progress (1): 8.0/59 kB
Progress (1): 12/59 kB 
Progress (1): 16/59 kB
Progress (1): 21/59 kB
Progress (1): 25/59 kB
Progress (1): 29/59 kB
Progress (1): 33/59 kB
Progress (1): 38/59 kB
Progress (1): 42/59 kB
Progress (1): 46/59 kB
Progress (1): 50/59 kB
Progress (1): 54/59 kB
Progress (1): 59/59 kB
Progress (1): 59 kB   
                   
Downloaded from central: https://repo.maven.apache.org/maven2/org/jboss/logging/jboss-logging/3.5.3.Final/jboss-logging-3.5.3.Final.jar (59 kB at 159 kB/s)
#13 7.873 Downloading from central: https://repo.maven.apache.org/maven2/com/fasterxml/classmate/1.7.0/classmate-1.7.0.jar
#13 7.874 Downloading from central: https://repo.maven.apache.org/maven2/net/bytebuddy/byte-buddy/1.14.19/byte-buddy-1.14.19.jar
#13 7.874 Downloading from central: https://repo.maven.apache.org/maven2/org/glassfish/jaxb/jaxb-runtime/4.0.5/jaxb-runtime-4.0.5.jar
#13 7.876 Downloading from central: https://repo.maven.apache.org/maven2/org/glassfish/jaxb/jaxb-core/4.0.5/jaxb-core-4.0.5.jar
#13 7.876 Downloading from central: https://repo.maven.apache.org/maven2/org/eclipse/angus/angus-activation/2.0.2/angus-activation-2.0.2.jar
#13 8.009 Progress (1): 0/4.2 MB
Progress (1): 0/4.2 MB
Progress (1): 0/4.2 MB
Progress (1): 0/4.2 MB
Progress (1): 0/4.2 MB
Progress (1): 0/4.2 MB
Progress (1): 0/4.2 MB
Progress (1): 0/4.2 MB
Progress (1): 0/4.2 MB
Progress (1): 0/4.2 MB
Progress (1): 0/4.2 MB
Progress (1): 0/4.2 MB
Progress (1): 0.1/4.2 MB
Progress (1): 0.1/4.2 MB
Progress (1): 0.1/4.2 MB
Progress (1): 0.1/4.2 MB
Progress (1): 0.1/4.2 MB
Progress (1): 0.1/4.2 MB
Progress (1): 0.1/4.2 MB
Progress (1): 0.2/4.2 MB
Progress (1): 0.2/4.2 MB
Progress (1): 0.2/4.2 MB
Progress (1): 0.2/4.2 MB
Progress (1): 0.2/4.2 MB
Progress (1): 0.2/4.2 MB
Progress (1): 0.3/4.2 MB
Progress (1): 0.3/4.2 MB
Progress (1): 0.3/4.2 MB
Progress (1): 0.3/4.2 MB
Progress (1): 0.3/4.2 MB
Progress (1): 0.3/4.2 MB
Progress (1): 0.4/4.2 MB
Progress (1): 0.4/4.2 MB
Progress (1): 0.4/4.2 MB
Progress (1): 0.4/4.2 MB
Progress (1): 0.4/4.2 MB
Progress (1): 0.4/4.2 MB
Progress (1): 0.5/4.2 MB
Progress (1): 0.5/4.2 MB
Progress (2): 0.5/4.2 MB | 0.9/69 kB
Progress (2): 0.5/4.2 MB | 2.3/69 kB
Progress (2): 0.5/4.2 MB | 3.6/69 kB
Progress (2): 0.5/4.2 MB | 5.0/69 kB
Progress (2): 0.5/4.2 MB | 6.4/69 kB
Progress (2): 0.5/4.2 MB | 7.7/69 kB
Progress (2): 0.5/4.2 MB | 9.1/69 kB
Progress (2): 0.5/4.2 MB | 10/69 kB 
Progress (2): 0.5/4.2 MB | 11/69 kB
Progress (2): 0.5/4.2 MB | 11/69 kB
Progress (2): 0.5/4.2 MB | 13/69 kB
Progress (2): 0.5/4.2 MB | 14/69 kB
Progress (2): 0.5/4.2 MB | 15/69 kB
Progress (2): 0.5/4.2 MB | 17/69 kB
Progress (2): 0.5/4.2 MB | 18/69 kB
Progress (2): 0.5/4.2 MB | 20/69 kB
Progress (2): 0.5/4.2 MB | 21/69 kB
Progress (2): 0.5/4.2 MB | 21/69 kB
Progress (2): 0.5/4.2 MB | 22/69 kB
Progress (2): 0.5/4.2 MB | 24/69 kB
Progress (2): 0.5/4.2 MB | 25/69 kB
Progress (2): 0.5/4.2 MB | 26/69 kB
Progress (2): 0.5/4.2 MB | 28/69 kB
Progress (2): 0.5/4.2 MB | 29/69 kB
Progress (2): 0.5/4.2 MB | 31/69 kB
Progress (2): 0.5/4.2 MB | 32/69 kB
Progress (2): 0.5/4.2 MB | 33/69 kB
Progress (2): 0.5/4.2 MB | 35/69 kB
Progress (2): 0.5/4.2 MB | 36/69 kB
Progress (2): 0.5/4.2 MB | 37/69 kB
Progress (2): 0.5/4.2 MB | 39/69 kB
Progress (2): 0.5/4.2 MB | 40/69 kB
Progress (2): 0.5/4.2 MB | 42/69 kB
Progress (2): 0.5/4.2 MB | 43/69 kB
Progress (2): 0.5/4.2 MB | 44/69 kB
Progress (2): 0.5/4.2 MB | 46/69 kB
Progress (2): 0.5/4.2 MB | 47/69 kB
Progress (2): 0.5/4.2 MB | 48/69 kB
Progress (2): 0.5/4.2 MB | 50/69 kB
Progress (2): 0.5/4.2 MB | 51/69 kB
Progress (2): 0.5/4.2 MB | 52/69 kB
Progress (2): 0.5/4.2 MB | 54/69 kB
Progress (2): 0.5/4.2 MB | 55/69 kB
Progress (2): 0.5/4.2 MB | 59/69 kB
Progress (2): 0.5/4.2 MB | 59/69 kB
Progress (2): 0.5/4.2 MB | 59/69 kB
Progress (2): 0.6/4.2 MB | 59/69 kB
Progress (2): 0.6/4.2 MB | 59/69 kB
Progress (2): 0.6/4.2 MB | 59/69 kB
Progress (2): 0.6/4.2 MB | 59/69 kB
Progress (2): 0.6/4.2 MB | 59/69 kB
Progress (2): 0.6/4.2 MB | 59/69 kB
Progress (2): 0.7/4.2 MB | 59/69 kB
Progress (2): 0.7/4.2 MB | 59/69 kB
Progress (2): 0.7/4.2 MB | 59/69 kB
Progress (2): 0.7/4.2 MB | 59/69 kB
Progress (2): 0.7/4.2 MB | 59/69 kB
Progress (2): 0.7/4.2 MB | 64/69 kB
Progress (2): 0.7/4.2 MB | 68/69 kB
Progress (2): 0.7/4.2 MB | 69 kB   
Progress (2): 0.7/4.2 MB | 69 kB
                                
Downloaded from central: https://repo.maven.apache.org/maven2/com/fasterxml/classmate/1.7.0/classmate-1.7.0.jar (69 kB at 92 kB/s)
#13 8.611 Downloading from central: https://repo.maven.apache.org/maven2/org/glassfish/jaxb/txw2/4.0.5/txw2-4.0.5.jar
#13 8.611 Progress (1): 0.7/4.2 MB
Progress (1): 0.8/4.2 MB
Progress (1): 0.8/4.2 MB
Progress (1): 0.8/4.2 MB
Progress (1): 0.8/4.2 MB
Progress (1): 0.8/4.2 MB
Progress (2): 0.8/4.2 MB | 0.9/27 kB
Progress (2): 0.8/4.2 MB | 2.3/27 kB
Progress (2): 0.8/4.2 MB | 3.2/27 kB
Progress (2): 0.8/4.2 MB | 4.5/27 kB
Progress (2): 0.8/4.2 MB | 5.9/27 kB
Progress (2): 0.8/4.2 MB | 7.3/27 kB
Progress (2): 0.8/4.2 MB | 8.6/27 kB
Progress (2): 0.8/4.2 MB | 10/27 kB 
Progress (2): 0.8/4.2 MB | 11/27 kB
Progress (2): 0.8/4.2 MB | 13/27 kB
Progress (2): 0.8/4.2 MB | 14/27 kB
Progress (2): 0.8/4.2 MB | 15/27 kB
Progress (2): 0.8/4.2 MB | 17/27 kB
Progress (2): 0.8/4.2 MB | 18/27 kB
Progress (2): 0.8/4.2 MB | 20/27 kB
Progress (2): 0.8/4.2 MB | 21/27 kB
Progress (2): 0.8/4.2 MB | 22/27 kB
Progress (2): 0.8/4.2 MB | 24/27 kB
Progress (2): 0.8/4.2 MB | 25/27 kB
Progress (2): 0.8/4.2 MB | 26/27 kB
Progress (2): 0.8/4.2 MB | 27 kB   
                                
Downloaded from central: https://repo.maven.apache.org/maven2/org/eclipse/angus/angus-activation/2.0.2/angus-activation-2.0.2.jar (27 kB at 32 kB/s)
#13 8.711 Downloading from central: https://repo.maven.apache.org/maven2/com/sun/istack/istack-commons-runtime/4.1.2/istack-commons-runtime-4.1.2.jar
#13 8.714 Progress (2): 0.8/4.2 MB | 0.9/920 kB
Progress (2): 0.8/4.2 MB | 2.3/920 kB
Progress (2): 0.8/4.2 MB | 3.6/920 kB
Progress (2): 0.8/4.2 MB | 5.0/920 kB
Progress (2): 0.8/4.2 MB | 6.4/920 kB
Progress (2): 0.8/4.2 MB | 7.7/920 kB
Progress (2): 0.8/4.2 MB | 9.1/920 kB
Progress (2): 0.8/4.2 MB | 10/920 kB 
Progress (2): 0.8/4.2 MB | 12/920 kB
Progress (2): 0.8/4.2 MB | 13/920 kB
Progress (2): 0.8/4.2 MB | 15/920 kB
Progress (2): 0.8/4.2 MB | 16/920 kB
Progress (2): 0.8/4.2 MB | 17/920 kB
Progress (2): 0.8/4.2 MB | 19/920 kB
Progress (2): 0.8/4.2 MB | 20/920 kB
Progress (2): 0.8/4.2 MB | 21/920 kB
Progress (2): 0.8/4.2 MB | 23/920 kB
Progress (2): 0.8/4.2 MB | 24/920 kB
Progress (2): 0.8/4.2 MB | 26/920 kB
Progress (2): 0.8/4.2 MB | 27/920 kB
Progress (2): 0.8/4.2 MB | 28/920 kB
Progress (2): 0.8/4.2 MB | 30/920 kB
Progress (2): 0.8/4.2 MB | 31/920 kB
Progress (2): 0.8/4.2 MB | 32/920 kB
Progress (2): 0.8/4.2 MB | 34/920 kB
Progress (2): 0.8/4.2 MB | 35/920 kB
Progress (2): 0.8/4.2 MB | 36/920 kB
Progress (2): 0.8/4.2 MB | 38/920 kB
Progress (2): 0.8/4.2 MB | 39/920 kB
Progress (2): 0.8/4.2 MB | 41/920 kB
Progress (2): 0.8/4.2 MB | 42/920 kB
Progress (2): 0.8/4.2 MB | 43/920 kB
Progress (2): 0.8/4.2 MB | 45/920 kB
Progress (2): 0.8/4.2 MB | 46/920 kB
Progress (3): 0.8/4.2 MB | 46/920 kB | 0.9/139 kB
Progress (3): 0.8/4.2 MB | 46/920 kB | 2.3/139 kB
Progress (3): 0.8/4.2 MB | 46/920 kB | 3.6/139 kB
Progress (3): 0.8/4.2 MB | 46/920 kB | 5.0/139 kB
Progress (3): 0.8/4.2 MB | 46/920 kB | 6.4/139 kB
Progress (3): 0.8/4.2 MB | 46/920 kB | 7.7/139 kB
Progress (3): 0.8/4.2 MB | 46/920 kB | 9.1/139 kB
Progress (3): 0.8/4.2 MB | 46/920 kB | 10/139 kB 
Progress (3): 0.8/4.2 MB | 47/920 kB | 10/139 kB
Progress (3): 0.8/4.2 MB | 47/920 kB | 11/139 kB
Progress (3): 0.8/4.2 MB | 47/920 kB | 13/139 kB
Progress (3): 0.8/4.2 MB | 49/920 kB | 13/139 kB
Progress (3): 0.8/4.2 MB | 50/920 kB | 13/139 kB
Progress (3): 0.8/4.2 MB | 52/920 kB | 13/139 kB
Progress (3): 0.8/4.2 MB | 52/920 kB | 14/139 kB
Progress (3): 0.8/4.2 MB | 52/920 kB | 15/139 kB
Progress (3): 0.8/4.2 MB | 52/920 kB | 17/139 kB
Progress (3): 0.8/4.2 MB | 53/920 kB | 17/139 kB
Progress (3): 0.8/4.2 MB | 54/920 kB | 17/139 kB
Progress (3): 0.8/4.2 MB | 56/920 kB | 17/139 kB
Progress (3): 0.8/4.2 MB | 57/920 kB | 17/139 kB
Progress (3): 0.8/4.2 MB | 62/920 kB | 17/139 kB
Progress (3): 0.8/4.2 MB | 62/920 kB | 18/139 kB
Progress (3): 0.8/4.2 MB | 62/920 kB | 20/139 kB
Progress (3): 0.8/4.2 MB | 62/920 kB | 21/139 kB
Progress (3): 0.8/4.2 MB | 62/920 kB | 22/139 kB
Progress (3): 0.8/4.2 MB | 62/920 kB | 24/139 kB
Progress (3): 0.8/4.2 MB | 62/920 kB | 25/139 kB
Progress (3): 0.8/4.2 MB | 62/920 kB | 26/139 kB
Progress (3): 0.8/4.2 MB | 62/920 kB | 28/139 kB
Progress (3): 0.8/4.2 MB | 62/920 kB | 29/139 kB
Progress (3): 0.8/4.2 MB | 62/920 kB | 31/139 kB
Progress (3): 0.8/4.2 MB | 62/920 kB | 32/139 kB
Progress (3): 0.8/4.2 MB | 62/920 kB | 33/139 kB
Progress (3): 0.8/4.2 MB | 62/920 kB | 35/139 kB
Progress (3): 0.8/4.2 MB | 62/920 kB | 36/139 kB
Progress (3): 0.8/4.2 MB | 62/920 kB | 37/139 kB
Progress (3): 0.8/4.2 MB | 62/920 kB | 39/139 kB
Progress (3): 0.8/4.2 MB | 62/920 kB | 40/139 kB
Progress (3): 0.8/4.2 MB | 62/920 kB | 42/139 kB
Progress (3): 0.8/4.2 MB | 62/920 kB | 43/139 kB
Progress (3): 0.8/4.2 MB | 62/920 kB | 44/139 kB
Progress (3): 0.8/4.2 MB | 62/920 kB | 46/139 kB
Progress (3): 0.8/4.2 MB | 62/920 kB | 47/139 kB
Progress (3): 0.8/4.2 MB | 62/920 kB | 48/139 kB
Progress (3): 0.8/4.2 MB | 62/920 kB | 50/139 kB
Progress (3): 0.8/4.2 MB | 62/920 kB | 51/139 kB
Progress (3): 0.8/4.2 MB | 62/920 kB | 52/139 kB
Progress (3): 0.8/4.2 MB | 62/920 kB | 54/139 kB
Progress (3): 0.8/4.2 MB | 62/920 kB | 55/139 kB
Progress (3): 0.8/4.2 MB | 62/920 kB | 59/139 kB
Progress (3): 0.8/4.2 MB | 62/920 kB | 59/139 kB
Progress (3): 0.8/4.2 MB | 62/920 kB | 59/139 kB
Progress (3): 0.9/4.2 MB | 62/920 kB | 59/139 kB
Progress (3): 0.9/4.2 MB | 62/920 kB | 59/139 kB
Progress (3): 0.9/4.2 MB | 62/920 kB | 59/139 kB
Progress (3): 0.9/4.2 MB | 62/920 kB | 59/139 kB
Progress (3): 0.9/4.2 MB | 62/920 kB | 59/139 kB
Progress (3): 0.9/4.2 MB | 62/920 kB | 59/139 kB
Progress (3): 1.0/4.2 MB | 62/920 kB | 59/139 kB
Progress (3): 1.0/4.2 MB | 62/920 kB | 59/139 kB
Progress (3): 1.0/4.2 MB | 62/920 kB | 59/139 kB
Progress (3): 1.0/4.2 MB | 62/920 kB | 59/139 kB
Progress (3): 1.0/4.2 MB | 62/920 kB | 59/139 kB
Progress (3): 1.0/4.2 MB | 62/920 kB | 59/139 kB
Progress (3): 1.1/4.2 MB | 62/920 kB | 59/139 kB
Progress (3): 1.1/4.2 MB | 62/920 kB | 59/139 kB
Progress (4): 1.1/4.2 MB | 62/920 kB | 59/139 kB | 3.8/73 kB
Progress (4): 1.1/4.2 MB | 62/920 kB | 59/139 kB | 8.0/73 kB
Progress (4): 1.1/4.2 MB | 62/920 kB | 59/139 kB | 8.2/73 kB
Progress (4): 1.1/4.2 MB | 62/920 kB | 59/139 kB | 12/73 kB 
Progress (4): 1.1/4.2 MB | 62/920 kB | 59/139 kB | 17/73 kB
Progress (4): 1.1/4.2 MB | 62/920 kB | 59/139 kB | 21/73 kB
Progress (4): 1.1/4.2 MB | 62/920 kB | 59/139 kB | 25/73 kB
Progress (4): 1.1/4.2 MB | 62/920 kB | 59/139 kB | 29/73 kB
Progress (4): 1.1/4.2 MB | 62/920 kB | 59/139 kB | 34/73 kB
Progress (4): 1.1/4.2 MB | 62/920 kB | 59/139 kB | 38/73 kB
Progress (4): 1.1/4.2 MB | 62/920 kB | 59/139 kB | 42/73 kB
Progress (4): 1.1/4.2 MB | 62/920 kB | 59/139 kB | 46/73 kB
Progress (4): 1.1/4.2 MB | 62/920 kB | 59/139 kB | 50/73 kB
Progress (4): 1.1/4.2 MB | 62/920 kB | 59/139 kB | 55/73 kB
Progress (4): 1.1/4.2 MB | 62/920 kB | 59/139 kB | 59/73 kB
Progress (4): 1.1/4.2 MB | 62/920 kB | 59/139 kB | 63/73 kB
Progress (4): 1.1/4.2 MB | 66/920 kB | 59/139 kB | 63/73 kB
Progress (4): 1.1/4.2 MB | 70/920 kB | 59/139 kB | 63/73 kB
Progress (4): 1.1/4.2 MB | 74/920 kB | 59/139 kB | 63/73 kB
Progress (4): 1.1/4.2 MB | 78/920 kB | 59/139 kB | 63/73 kB
Progress (4): 1.1/4.2 MB | 83/920 kB | 59/139 kB | 63/73 kB
Progress (4): 1.1/4.2 MB | 87/920 kB | 59/139 kB | 63/73 kB
Progress (4): 1.1/4.2 MB | 91/920 kB | 59/139 kB | 63/73 kB
Progress (5): 1.1/4.2 MB | 91/920 kB | 59/139 kB | 63/73 kB | 0.9/26 kB
Progress (5): 1.1/4.2 MB | 91/920 kB | 59/139 kB | 63/73 kB | 2.3/26 kB
Progress (5): 1.1/4.2 MB | 95/920 kB | 59/139 kB | 63/73 kB | 2.3/26 kB
Progress (5): 1.1/4.2 MB | 95/920 kB | 59/139 kB | 63/73 kB | 3.6/26 kB
Progress (5): 1.1/4.2 MB | 95/920 kB | 59/139 kB | 63/73 kB | 5.0/26 kB
Progress (5): 1.1/4.2 MB | 95/920 kB | 59/139 kB | 63/73 kB | 6.4/26 kB
Progress (5): 1.1/4.2 MB | 95/920 kB | 59/139 kB | 63/73 kB | 7.7/26 kB
Progress (5): 1.1/4.2 MB | 95/920 kB | 59/139 kB | 63/73 kB | 9.1/26 kB
Progress (5): 1.1/4.2 MB | 95/920 kB | 59/139 kB | 63/73 kB | 10/26 kB 
Progress (5): 1.1/4.2 MB | 95/920 kB | 59/139 kB | 63/73 kB | 12/26 kB
Progress (5): 1.1/4.2 MB | 95/920 kB | 59/139 kB | 63/73 kB | 13/26 kB
Progress (5): 1.1/4.2 MB | 95/920 kB | 59/139 kB | 63/73 kB | 15/26 kB
Progress (5): 1.1/4.2 MB | 95/920 kB | 59/139 kB | 63/73 kB | 16/26 kB
Progress (5): 1.1/4.2 MB | 95/920 kB | 59/139 kB | 63/73 kB | 17/26 kB
Progress (5): 1.1/4.2 MB | 95/920 kB | 59/139 kB | 63/73 kB | 19/26 kB
Progress (5): 1.1/4.2 MB | 95/920 kB | 59/139 kB | 63/73 kB | 20/26 kB
Progress (5): 1.1/4.2 MB | 95/920 kB | 59/139 kB | 63/73 kB | 21/26 kB
Progress (5): 1.1/4.2 MB | 95/920 kB | 59/139 kB | 63/73 kB | 23/26 kB
Progress (5): 1.1/4.2 MB | 95/920 kB | 59/139 kB | 63/73 kB | 24/26 kB
Progress (5): 1.1/4.2 MB | 95/920 kB | 59/139 kB | 63/73 kB | 26/26 kB
Progress (5): 1.1/4.2 MB | 95/920 kB | 59/139 kB | 63/73 kB | 26 kB   
                                                                   
Downloaded from central: https://repo.maven.apache.org/maven2/com/sun/istack/istack-commons-runtime/4.1.2/istack-commons-runtime-4.1.2.jar (26 kB at 22 kB/s)
#13 9.044 Downloading from central: https://repo.maven.apache.org/maven2/org/slf4j/slf4j-api/2.0.16/slf4j-api-2.0.16.jar
#13 9.270 Progress (4): 1.1/4.2 MB | 100/920 kB | 59/139 kB | 63/73 kB
Progress (4): 1.1/4.2 MB | 104/920 kB | 59/139 kB | 63/73 kB
Progress (4): 1.1/4.2 MB | 104/920 kB | 64/139 kB | 63/73 kB
Progress (4): 1.1/4.2 MB | 104/920 kB | 68/139 kB | 63/73 kB
Progress (4): 1.1/4.2 MB | 104/920 kB | 72/139 kB | 63/73 kB
Progress (4): 1.1/4.2 MB | 108/920 kB | 72/139 kB | 63/73 kB
Progress (4): 1.1/4.2 MB | 112/920 kB | 72/139 kB | 63/73 kB
Progress (4): 1.1/4.2 MB | 112/920 kB | 76/139 kB | 63/73 kB
Progress (4): 1.1/4.2 MB | 112/920 kB | 81/139 kB | 63/73 kB
Progress (4): 1.1/4.2 MB | 117/920 kB | 81/139 kB | 63/73 kB
Progress (4): 1.1/4.2 MB | 117/920 kB | 85/139 kB | 63/73 kB
Progress (4): 1.1/4.2 MB | 117/920 kB | 89/139 kB | 63/73 kB
Progress (4): 1.1/4.2 MB | 117/920 kB | 93/139 kB | 63/73 kB
Progress (4): 1.1/4.2 MB | 121/920 kB | 93/139 kB | 63/73 kB
Progress (4): 1.1/4.2 MB | 121/920 kB | 97/139 kB | 63/73 kB
Progress (4): 1.1/4.2 MB | 121/920 kB | 102/139 kB | 63/73 kB
Progress (4): 1.1/4.2 MB | 121/920 kB | 106/139 kB | 63/73 kB
Progress (4): 1.1/4.2 MB | 121/920 kB | 110/139 kB | 63/73 kB
Progress (4): 1.1/4.2 MB | 121/920 kB | 114/139 kB | 63/73 kB
Progress (4): 1.1/4.2 MB | 121/920 kB | 114/139 kB | 63/73 kB
Progress (4): 1.1/4.2 MB | 121/920 kB | 119/139 kB | 63/73 kB
Progress (4): 1.1/4.2 MB | 125/920 kB | 119/139 kB | 63/73 kB
Progress (4): 1.1/4.2 MB | 125/920 kB | 123/139 kB | 63/73 kB
Progress (4): 1.1/4.2 MB | 125/920 kB | 127/139 kB | 63/73 kB
Progress (4): 1.1/4.2 MB | 125/920 kB | 131/139 kB | 63/73 kB
Progress (4): 1.1/4.2 MB | 125/920 kB | 131/139 kB | 63/73 kB
Progress (4): 1.1/4.2 MB | 125/920 kB | 131/139 kB | 63/73 kB
Progress (4): 1.1/4.2 MB | 125/920 kB | 131/139 kB | 63/73 kB
Progress (4): 1.2/4.2 MB | 125/920 kB | 131/139 kB | 63/73 kB
Progress (4): 1.2/4.2 MB | 125/920 kB | 131/139 kB | 63/73 kB
Progress (4): 1.2/4.2 MB | 125/920 kB | 131/139 kB | 63/73 kB
Progress (4): 1.2/4.2 MB | 125/920 kB | 131/139 kB | 63/73 kB
Progress (4): 1.2/4.2 MB | 125/920 kB | 131/139 kB | 63/73 kB
Progress (4): 1.2/4.2 MB | 125/920 kB | 131/139 kB | 63/73 kB
Progress (4): 1.3/4.2 MB | 125/920 kB | 131/139 kB | 63/73 kB
Progress (4): 1.3/4.2 MB | 129/920 kB | 131/139 kB | 63/73 kB
Progress (4): 1.3/4.2 MB | 133/920 kB | 131/139 kB | 63/73 kB
Progress (4): 1.3/4.2 MB | 133/920 kB | 131/139 kB | 63/73 kB
Progress (4): 1.3/4.2 MB | 133/920 kB | 136/139 kB | 63/73 kB
Progress (4): 1.3/4.2 MB | 138/920 kB | 136/139 kB | 63/73 kB
Progress (4): 1.3/4.2 MB | 138/920 kB | 136/139 kB | 67/73 kB
Progress (4): 1.3/4.2 MB | 142/920 kB | 136/139 kB | 67/73 kB
Progress (4): 1.3/4.2 MB | 142/920 kB | 139 kB | 67/73 kB    
Progress (4): 1.3/4.2 MB | 142/920 kB | 139 kB | 72/73 kB
Progress (4): 1.3/4.2 MB | 146/920 kB | 139 kB | 72/73 kB
                                                         
Downloaded from central: https://repo.maven.apache.org/maven2/org/glassfish/jaxb/jaxb-core/4.0.5/jaxb-core-4.0.5.jar (139 kB at 78 kB/s)
#13 9.662 Progress (3): 1.3/4.2 MB | 146/920 kB | 73 kB
                                             
Downloading from central: https://repo.maven.apache.org/maven2/net/bytebuddy/byte-buddy-agent/1.14.19/byte-buddy-agent-1.14.19.jar
#13 9.662 Progress (4): 1.3/4.2 MB | 146/920 kB | 73 kB | 3.8/69 kB
Progress (4): 1.3/4.2 MB | 146/920 kB | 73 kB | 3.8/69 kB
Progress (4): 1.3/4.2 MB | 146/920 kB | 73 kB | 8.0/69 kB
                                                         
Downloaded from central: https://repo.maven.apache.org/maven2/org/glassfish/jaxb/txw2/4.0.5/txw2-4.0.5.jar (73 kB at 41 kB/s)
#13 9.667 Progress (3): 1.3/4.2 MB | 150/920 kB | 8.0/69 kB
Progress (3): 1.3/4.2 MB | 155/920 kB | 8.0/69 kB
Progress (3): 1.3/4.2 MB | 155/920 kB | 12/69 kB 
Progress (3): 1.3/4.2 MB | 159/920 kB | 12/69 kB
Progress (3): 1.3/4.2 MB | 163/920 kB | 12/69 kB
Progress (3): 1.3/4.2 MB | 163/920 kB | 16/69 kB
Progress (3): 1.3/4.2 MB | 163/920 kB | 16/69 kB
Progress (3): 1.3/4.2 MB | 163/920 kB | 21/69 kB
Progress (3): 1.3/4.2 MB | 163/920 kB | 21/69 kB
Progress (3): 1.3/4.2 MB | 163/920 kB | 24/69 kB
Progress (3): 1.3/4.2 MB | 163/920 kB | 24/69 kB
Progress (3): 1.3/4.2 MB | 167/920 kB | 24/69 kB
Progress (3): 1.3/4.2 MB | 172/920 kB | 24/69 kB
Progress (3): 1.3/4.2 MB | 176/920 kB | 24/69 kB
Progress (3): 1.3/4.2 MB | 176/920 kB | 28/69 kB
Progress (3): 1.3/4.2 MB | 176/920 kB | 33/69 kB
Progress (3): 1.3/4.2 MB | 180/920 kB | 33/69 kB
Progress (3): 1.3/4.2 MB | 180/920 kB | 37/69 kB
Progress (3): 1.3/4.2 MB | 180/920 kB | 41/69 kB
Progress (3): 1.3/4.2 MB | 184/920 kB | 41/69 kB
Progress (3): 1.3/4.2 MB | 188/920 kB | 41/69 kB
Progress (3): 1.3/4.2 MB | 188/920 kB | 45/69 kB
Progress (3): 1.3/4.2 MB | 193/920 kB | 45/69 kB
Progress (3): 1.3/4.2 MB | 197/920 kB | 45/69 kB
Progress (3): 1.3/4.2 MB | 197/920 kB | 49/69 kB
Progress (3): 1.3/4.2 MB | 201/920 kB | 49/69 kB
Progress (3): 1.3/4.2 MB | 201/920 kB | 54/69 kB
Progress (3): 1.4/4.2 MB | 201/920 kB | 54/69 kB
Progress (3): 1.4/4.2 MB | 205/920 kB | 54/69 kB
Progress (3): 1.4/4.2 MB | 210/920 kB | 54/69 kB
Progress (3): 1.4/4.2 MB | 210/920 kB | 58/69 kB
Progress (3): 1.4/4.2 MB | 210/920 kB | 62/69 kB
Progress (3): 1.4/4.2 MB | 214/920 kB | 62/69 kB
Progress (3): 1.4/4.2 MB | 218/920 kB | 62/69 kB
Progress (3): 1.4/4.2 MB | 218/920 kB | 62/69 kB
Progress (3): 1.4/4.2 MB | 218/920 kB | 66/69 kB
Progress (3): 1.4/4.2 MB | 218/920 kB | 66/69 kB
Progress (3): 1.4/4.2 MB | 222/920 kB | 66/69 kB
Progress (3): 1.4/4.2 MB | 222/920 kB | 69 kB   
Progress (3): 1.4/4.2 MB | 222/920 kB | 69 kB
Progress (3): 1.4/4.2 MB | 239/920 kB | 69 kB
                                             
Downloaded from central: https://repo.maven.apache.org/maven2/org/slf4j/slf4j-api/2.0.16/slf4j-api-2.0.16.jar (69 kB at 38 kB/s)
#13 9.722 Progress (2): 1.4/4.2 MB | 239/920 kB
Progress (2): 1.4/4.2 MB | 255/920 kB
Progress (2): 1.4/4.2 MB | 255/920 kB
Progress (2): 1.5/4.2 MB | 255/920 kB
Progress (2): 1.5/4.2 MB | 255/920 kB
Progress (2): 1.5/4.2 MB | 255/920 kB
Progress (2): 1.5/4.2 MB | 255/920 kB
Progress (2): 1.5/4.2 MB | 255/920 kB
Progress (2): 1.5/4.2 MB | 255/920 kB
Progress (2): 1.5/4.2 MB | 255/920 kB
Progress (2): 1.5/4.2 MB | 271/920 kB
Progress (2): 1.6/4.2 MB | 271/920 kB
Progress (3): 1.6/4.2 MB | 271/920 kB | 3.2/263 kB
Progress (3): 1.6/4.2 MB | 271/920 kB | 7.4/263 kB
Progress (3): 1.6/4.2 MB | 271/920 kB | 11/263 kB 
Progress (3): 1.6/4.2 MB | 271/920 kB | 16/263 kB
Progress (3): 1.6/4.2 MB | 271/920 kB | 20/263 kB
Progress (3): 1.6/4.2 MB | 271/920 kB | 24/263 kB
Progress (3): 1.6/4.2 MB | 288/920 kB | 24/263 kB
Progress (3): 1.6/4.2 MB | 288/920 kB | 28/263 kB
Progress (3): 1.6/4.2 MB | 288/920 kB | 28/263 kB
Progress (3): 1.6/4.2 MB | 288/920 kB | 28/263 kB
Progress (3): 1.6/4.2 MB | 288/920 kB | 32/263 kB
Progress (3): 1.6/4.2 MB | 288/920 kB | 36/263 kB
Progress (3): 1.6/4.2 MB | 288/920 kB | 40/263 kB
Progress (3): 1.6/4.2 MB | 288/920 kB | 40/263 kB
Progress (3): 1.6/4.2 MB | 288/920 kB | 45/263 kB
Progress (3): 1.6/4.2 MB | 288/920 kB | 49/263 kB
Progress (3): 1.6/4.2 MB | 288/920 kB | 53/263 kB
Progress (3): 1.6/4.2 MB | 288/920 kB | 57/263 kB
Progress (3): 1.6/4.2 MB | 288/920 kB | 61/263 kB
Progress (3): 1.6/4.2 MB | 288/920 kB | 65/263 kB
Progress (3): 1.6/4.2 MB | 288/920 kB | 69/263 kB
Progress (3): 1.6/4.2 MB | 288/920 kB | 69/263 kB
Progress (3): 1.6/4.2 MB | 288/920 kB | 69/263 kB
Progress (3): 1.6/4.2 MB | 304/920 kB | 69/263 kB
Progress (3): 1.7/4.2 MB | 304/920 kB | 69/263 kB
Progress (3): 1.7/4.2 MB | 304/920 kB | 69/263 kB
Progress (3): 1.7/4.2 MB | 304/920 kB | 69/263 kB
Progress (3): 1.7/4.2 MB | 304/920 kB | 69/263 kB
Progress (3): 1.7/4.2 MB | 304/920 kB | 69/263 kB
Progress (3): 1.7/4.2 MB | 319/920 kB | 69/263 kB
Progress (3): 1.7/4.2 MB | 319/920 kB | 69/263 kB
Progress (3): 1.8/4.2 MB | 319/920 kB | 69/263 kB
Progress (3): 1.8/4.2 MB | 319/920 kB | 69/263 kB
Progress (3): 1.8/4.2 MB | 319/920 kB | 69/263 kB
Progress (3): 1.8/4.2 MB | 336/920 kB | 69/263 kB
Progress (3): 1.8/4.2 MB | 336/920 kB | 69/263 kB
Progress (3): 1.8/4.2 MB | 336/920 kB | 69/263 kB
Progress (3): 1.8/4.2 MB | 336/920 kB | 69/263 kB
Progress (3): 1.8/4.2 MB | 352/920 kB | 69/263 kB
Progress (3): 1.9/4.2 MB | 352/920 kB | 69/263 kB
Progress (3): 1.9/4.2 MB | 352/920 kB | 69/263 kB
Progress (3): 1.9/4.2 MB | 352/920 kB | 85/263 kB
Progress (3): 1.9/4.2 MB | 352/920 kB | 102/263 kB
Progress (3): 1.9/4.2 MB | 352/920 kB | 102/263 kB
Progress (3): 1.9/4.2 MB | 369/920 kB | 102/263 kB
Progress (3): 1.9/4.2 MB | 369/920 kB | 118/263 kB
Progress (3): 1.9/4.2 MB | 369/920 kB | 126/263 kB
Progress (3): 1.9/4.2 MB | 369/920 kB | 126/263 kB
Progress (3): 1.9/4.2 MB | 385/920 kB | 126/263 kB
Progress (3): 1.9/4.2 MB | 385/920 kB | 142/263 kB
Progress (3): 1.9/4.2 MB | 385/920 kB | 142/263 kB
Progress (3): 1.9/4.2 MB | 385/920 kB | 142/263 kB
Progress (3): 1.9/4.2 MB | 401/920 kB | 142/263 kB
Progress (3): 2.0/4.2 MB | 401/920 kB | 142/263 kB
Progress (3): 2.0/4.2 MB | 401/920 kB | 142/263 kB
Progress (3): 2.0/4.2 MB | 418/920 kB | 142/263 kB
Progress (3): 2.0/4.2 MB | 418/920 kB | 151/263 kB
Progress (3): 2.0/4.2 MB | 434/920 kB | 151/263 kB
Progress (3): 2.0/4.2 MB | 451/920 kB | 151/263 kB
Progress (3): 2.0/4.2 MB | 451/920 kB | 159/263 kB
Progress (3): 2.0/4.2 MB | 451/920 kB | 159/263 kB
Progress (3): 2.0/4.2 MB | 467/920 kB | 159/263 kB
Progress (3): 2.0/4.2 MB | 467/920 kB | 167/263 kB
Progress (3): 2.0/4.2 MB | 483/920 kB | 167/263 kB
Progress (3): 2.0/4.2 MB | 483/920 kB | 167/263 kB
Progress (3): 2.0/4.2 MB | 483/920 kB | 167/263 kB
Progress (3): 2.0/4.2 MB | 483/920 kB | 183/263 kB
Progress (3): 2.0/4.2 MB | 483/920 kB | 183/263 kB
Progress (3): 2.1/4.2 MB | 483/920 kB | 183/263 kB
Progress (3): 2.1/4.2 MB | 483/920 kB | 183/263 kB
Progress (3): 2.1/4.2 MB | 483/920 kB | 200/263 kB
Progress (3): 2.1/4.2 MB | 483/920 kB | 200/263 kB
Progress (3): 2.1/4.2 MB | 483/920 kB | 200/263 kB
Progress (3): 2.1/4.2 MB | 483/920 kB | 200/263 kB
Progress (3): 2.1/4.2 MB | 483/920 kB | 200/263 kB
Progress (3): 2.2/4.2 MB | 483/920 kB | 200/263 kB
Progress (3): 2.2/4.2 MB | 483/920 kB | 200/263 kB
Progress (3): 2.2/4.2 MB | 483/920 kB | 200/263 kB
Progress (3): 2.2/4.2 MB | 500/920 kB | 200/263 kB
Progress (3): 2.2/4.2 MB | 500/920 kB | 200/263 kB
Progress (3): 2.2/4.2 MB | 500/920 kB | 200/263 kB
Progress (3): 2.2/4.2 MB | 500/920 kB | 200/263 kB
Progress (3): 2.2/4.2 MB | 516/920 kB | 200/263 kB
Progress (3): 2.3/4.2 MB | 516/920 kB | 200/263 kB
Progress (3): 2.3/4.2 MB | 516/920 kB | 200/263 kB
Progress (3): 2.3/4.2 MB | 516/920 kB | 200/263 kB
Progress (3): 2.3/4.2 MB | 516/920 kB | 200/263 kB
Progress (3): 2.3/4.2 MB | 516/920 kB | 200/263 kB
Progress (3): 2.3/4.2 MB | 516/920 kB | 200/263 kB
Progress (3): 2.3/4.2 MB | 532/920 kB | 200/263 kB
Progress (3): 2.4/4.2 MB | 532/920 kB | 200/263 kB
Progress (3): 2.4/4.2 MB | 532/920 kB | 200/263 kB
Progress (3): 2.4/4.2 MB | 532/920 kB | 200/263 kB
Progress (3): 2.4/4.2 MB | 532/920 kB | 216/263 kB
Progress (3): 2.4/4.2 MB | 532/920 kB | 216/263 kB
Progress (3): 2.4/4.2 MB | 532/920 kB | 216/263 kB
Progress (3): 2.4/4.2 MB | 532/920 kB | 233/263 kB
Progress (3): 2.4/4.2 MB | 532/920 kB | 233/263 kB
Progress (3): 2.4/4.2 MB | 532/920 kB | 233/263 kB
Progress (3): 2.4/4.2 MB | 549/920 kB | 233/263 kB
Progress (3): 2.4/4.2 MB | 549/920 kB | 249/263 kB
Progress (3): 2.5/4.2 MB | 549/920 kB | 249/263 kB
Progress (3): 2.5/4.2 MB | 549/920 kB | 249/263 kB
Progress (3): 2.5/4.2 MB | 565/920 kB | 249/263 kB
Progress (3): 2.5/4.2 MB | 565/920 kB | 249/263 kB
Progress (3): 2.5/4.2 MB | 565/920 kB | 249/263 kB
Progress (3): 2.5/4.2 MB | 565/920 kB | 263 kB    
                                              
Downloaded from central: https://repo.maven.apache.org/maven2/net/bytebuddy/byte-buddy-agent/1.14.19/byte-buddy-agent-1.14.19.jar (263 kB at 110 kB/s)
#13 10.28 Progress (2): 2.5/4.2 MB | 565/920 kB
Progress (2): 2.5/4.2 MB | 582/920 kB
Progress (2): 2.5/4.2 MB | 582/920 kB
Progress (2): 2.6/4.2 MB | 582/920 kB
Progress (2): 2.6/4.2 MB | 582/920 kB
Progress (2): 2.6/4.2 MB | 582/920 kB
Progress (2): 2.6/4.2 MB | 598/920 kB
Progress (2): 2.6/4.2 MB | 598/920 kB
Progress (2): 2.6/4.2 MB | 598/920 kB
Progress (2): 2.6/4.2 MB | 598/920 kB
Progress (2): 2.7/4.2 MB | 598/920 kB
Progress (2): 2.7/4.2 MB | 614/920 kB
Progress (2): 2.7/4.2 MB | 614/920 kB
Progress (2): 2.7/4.2 MB | 631/920 kB
Progress (2): 2.7/4.2 MB | 631/920 kB
Progress (2): 2.7/4.2 MB | 631/920 kB
Progress (2): 2.7/4.2 MB | 631/920 kB
Progress (2): 2.7/4.2 MB | 647/920 kB
Progress (2): 2.7/4.2 MB | 647/920 kB
Progress (2): 2.8/4.2 MB | 647/920 kB
Progress (2): 2.8/4.2 MB | 664/920 kB
Progress (2): 2.8/4.2 MB | 664/920 kB
Progress (2): 2.8/4.2 MB | 664/920 kB
Progress (2): 2.8/4.2 MB | 664/920 kB
Progress (2): 2.8/4.2 MB | 664/920 kB
Progress (2): 2.8/4.2 MB | 664/920 kB
Progress (2): 2.9/4.2 MB | 664/920 kB
Progress (2): 2.9/4.2 MB | 664/920 kB
Progress (2): 2.9/4.2 MB | 680/920 kB
Progress (2): 2.9/4.2 MB | 680/920 kB
Progress (2): 2.9/4.2 MB | 680/920 kB
Progress (2): 2.9/4.2 MB | 680/920 kB
Progress (2): 2.9/4.2 MB | 696/920 kB
Progress (2): 2.9/4.2 MB | 696/920 kB
Progress (2): 2.9/4.2 MB | 696/920 kB
Progress (2): 2.9/4.2 MB | 713/920 kB
Progress (2): 3.0/4.2 MB | 713/920 kB
Progress (2): 3.0/4.2 MB | 713/920 kB
Progress (2): 3.0/4.2 MB | 713/920 kB
Progress (2): 3.0/4.2 MB | 713/920 kB
Progress (2): 3.0/4.2 MB | 713/920 kB
Progress (2): 3.0/4.2 MB | 729/920 kB
Progress (2): 3.0/4.2 MB | 729/920 kB
Progress (2): 3.1/4.2 MB | 729/920 kB
Progress (2): 3.1/4.2 MB | 729/920 kB
Progress (2): 3.1/4.2 MB | 745/920 kB
Progress (2): 3.1/4.2 MB | 745/920 kB
Progress (2): 3.1/4.2 MB | 745/920 kB
Progress (2): 3.1/4.2 MB | 745/920 kB
Progress (2): 3.1/4.2 MB | 762/920 kB
Progress (2): 3.1/4.2 MB | 762/920 kB
Progress (2): 3.1/4.2 MB | 778/920 kB
Progress (2): 3.2/4.2 MB | 778/920 kB
Progress (2): 3.2/4.2 MB | 778/920 kB
Progress (2): 3.2/4.2 MB | 778/920 kB
Progress (2): 3.2/4.2 MB | 778/920 kB
Progress (2): 3.2/4.2 MB | 778/920 kB
Progress (2): 3.2/4.2 MB | 795/920 kB
Progress (2): 3.2/4.2 MB | 795/920 kB
Progress (2): 3.3/4.2 MB | 795/920 kB
Progress (2): 3.3/4.2 MB | 811/920 kB
Progress (2): 3.3/4.2 MB | 811/920 kB
Progress (2): 3.3/4.2 MB | 811/920 kB
Progress (2): 3.3/4.2 MB | 827/920 kB
Progress (2): 3.3/4.2 MB | 827/920 kB
Progress (2): 3.3/4.2 MB | 827/920 kB
Progress (2): 3.3/4.2 MB | 827/920 kB
Progress (2): 3.4/4.2 MB | 827/920 kB
Progress (2): 3.4/4.2 MB | 827/920 kB
Progress (2): 3.4/4.2 MB | 827/920 kB
Progress (2): 3.4/4.2 MB | 827/920 kB
Progress (2): 3.4/4.2 MB | 844/920 kB
Progress (2): 3.4/4.2 MB | 844/920 kB
Progress (2): 3.4/4.2 MB | 844/920 kB
Progress (2): 3.5/4.2 MB | 844/920 kB
Progress (2): 3.5/4.2 MB | 860/920 kB
Progress (2): 3.5/4.2 MB | 860/920 kB
Progress (2): 3.5/4.2 MB | 877/920 kB
Progress (2): 3.5/4.2 MB | 877/920 kB
Progress (2): 3.5/4.2 MB | 877/920 kB
Progress (2): 3.5/4.2 MB | 877/920 kB
Progress (2): 3.5/4.2 MB | 877/920 kB
Progress (2): 3.5/4.2 MB | 893/920 kB
Progress (2): 3.6/4.2 MB | 893/920 kB
Progress (2): 3.6/4.2 MB | 893/920 kB
Progress (2): 3.6/4.2 MB | 893/920 kB
Progress (2): 3.6/4.2 MB | 893/920 kB
Progress (2): 3.6/4.2 MB | 893/920 kB
Progress (2): 3.6/4.2 MB | 909/920 kB
Progress (2): 3.6/4.2 MB | 920 kB    
                                 
Downloaded from central: https://repo.maven.apache.org/maven2/org/glassfish/jaxb/jaxb-runtime/4.0.5/jaxb-runtime-4.0.5.jar (920 kB at 312 kB/s)
#13 10.84 Progress (1): 3.6/4.2 MB
Progress (1): 3.7/4.2 MB
Progress (1): 3.7/4.2 MB
Progress (1): 3.7/4.2 MB
Progress (1): 3.7/4.2 MB
Progress (1): 3.7/4.2 MB
Progress (1): 3.7/4.2 MB
Progress (1): 3.7/4.2 MB
Progress (1): 3.8/4.2 MB
Progress (1): 3.8/4.2 MB
Progress (1): 3.8/4.2 MB
Progress (1): 3.8/4.2 MB
Progress (1): 3.8/4.2 MB
Progress (1): 3.8/4.2 MB
Progress (1): 3.8/4.2 MB
Progress (1): 3.9/4.2 MB
Progress (1): 3.9/4.2 MB
Progress (1): 3.9/4.2 MB
Progress (1): 3.9/4.2 MB
Progress (1): 3.9/4.2 MB
Progress (1): 3.9/4.2 MB
Progress (1): 4.0/4.2 MB
Progress (1): 4.0/4.2 MB
Progress (1): 4.0/4.2 MB
Progress (1): 4.0/4.2 MB
Progress (1): 4.0/4.2 MB
Progress (1): 4.0/4.2 MB
Progress (1): 4.1/4.2 MB
Progress (1): 4.1/4.2 MB
Progress (1): 4.1/4.2 MB
Progress (1): 4.1/4.2 MB
Progress (1): 4.1/4.2 MB
Progress (1): 4.1/4.2 MB
Progress (1): 4.2/4.2 MB
Progress (1): 4.2/4.2 MB
Progress (1): 4.2/4.2 MB
Progress (1): 4.2/4.2 MB
Progress (1): 4.2 MB    
                    
Downloaded from central: https://repo.maven.apache.org/maven2/net/bytebuddy/byte-buddy/1.14.19/byte-buddy-1.14.19.jar (4.2 MB at 1.3 MB/s)
#13 11.17 [INFO] 
#13 11.17 [INFO] --- clean:3.3.2:clean (default-clean) @ finance-service ---
#13 11.27 [INFO] 
#13 11.27 [INFO] --- resources:3.3.1:resources (default-resources) @ finance-service ---
#13 11.45 [INFO] Copying 1 resource from src/main/resources to target/classes
#13 11.46 [INFO] Copying 10 resources from src/main/resources to target/classes
#13 11.48 [INFO] 
#13 11.48 [INFO] --- compiler:3.13.0:compile (default-compile) @ finance-service ---
#13 11.68 [INFO] Recompiling the module because of changed source code.
#13 11.70 [INFO] Compiling 25 source files with javac [debug parameters release 21] to target/classes
#13 14.24 [INFO] Annotation processing is enabled because one or more processors were found
#13 14.24   on the class path. A future release of javac may disable annotation processing
#13 14.24   unless at least one processor is specified by name (-processor), or a search
#13 14.24   path is specified (--processor-path, --processor-module-path), or annotation
#13 14.24   processing is enabled explicitly (-proc:only, -proc:full).
#13 14.24   Use -Xlint:-options to suppress this message.
#13 14.24   Use -proc:none to disable annotation processing.
#13 14.24 [INFO] /app/src/main/java/com/dalupotha/finance/service/FinanceService.java: /app/src/main/java/com/dalupotha/finance/service/FinanceService.java uses unchecked or unsafe operations.
#13 14.24 [INFO] /app/src/main/java/com/dalupotha/finance/service/FinanceService.java: Recompile with -Xlint:unchecked for details.
#13 14.24 [INFO] -------------------------------------------------------------
#13 14.24 [ERROR] COMPILATION ERROR : 
#13 14.24 [INFO] -------------------------------------------------------------
#13 14.24 [ERROR] /app/src/main/java/com/dalupotha/finance/service/FinanceService.java:[176,40] method search in interface com.dalupotha.finance.repository.ServiceRequestRepository cannot be applied to given types;
#13 14.24   required: java.util.UUID,java.util.UUID,com.dalupotha.finance.model.RequestType,com.dalupotha.finance.model.RequestStatus,org.springframework.data.domain.Pageable
#13 14.24   found:    java.util.UUID,java.util.UUID,java.lang.String,com.dalupotha.finance.model.RequestType,com.dalupotha.finance.model.RequestStatus,java.util.UUID,org.springframework.data.domain.PageRequest
#13 14.24   reason: actual and formal argument lists differ in length
#13 14.24 [INFO] 1 error
#13 14.24 [INFO] -------------------------------------------------------------
#13 14.24 [INFO] ------------------------------------------------------------------------
#13 14.24 [INFO] BUILD FAILURE
#13 14.24 [INFO] ------------------------------------------------------------------------
#13 14.24 [INFO] Total time:  10.985 s
#13 14.24 [INFO] Finished at: 2026-05-15T09:30:52Z
#13 14.24 [INFO] ------------------------------------------------------------------------
#13 14.24 [ERROR] Failed to execute goal org.apache.maven.plugins:maven-compiler-plugin:3.13.0:compile (default-compile) on project finance-service: Compilation failure
#13 14.24 [ERROR] /app/src/main/java/com/dalupotha/finance/service/FinanceService.java:[176,40] method search in interface com.dalupotha.finance.repository.ServiceRequestRepository cannot be applied to given types;
#13 14.24 [ERROR]   required: java.util.UUID,java.util.UUID,com.dalupotha.finance.model.RequestType,com.dalupotha.finance.model.RequestStatus,org.springframework.data.domain.Pageable
#13 14.24 [ERROR]   found:    java.util.UUID,java.util.UUID,java.lang.String,com.dalupotha.finance.model.RequestType,com.dalupotha.finance.model.RequestStatus,java.util.UUID,org.springframework.data.domain.PageRequest
#13 14.24 [ERROR]   reason: actual and formal argument lists differ in length
#13 14.24 [ERROR] 
#13 14.24 [ERROR] -> [Help 1]
#13 14.24 [ERROR] 
#13 14.24 [ERROR] To see the full stack trace of the errors, re-run Maven with the -e switch.
#13 14.24 [ERROR] Re-run Maven using the -X switch to enable full debug logging.
#13 14.24 [ERROR] 
#13 14.24 [ERROR] For more information about the errors and possible solutions, please read the following articles:
#13 14.24 [ERROR] [Help 1] http://cwiki.apache.org/confluence/display/MAVEN/MojoFailureException
#13 ERROR: process "/bin/sh -c mvn -DskipTests clean package" did not complete successfully: exit code: 1
------
 > [build 6/6] RUN mvn -DskipTests clean package:
14.24 [ERROR]   found:    java.util.UUID,java.util.UUID,java.lang.String,com.dalupotha.finance.model.RequestType,com.dalupotha.finance.model.RequestStatus,java.util.UUID,org.springframework.data.domain.PageRequest
14.24 [ERROR]   reason: actual and formal argument lists differ in length
14.24 [ERROR] 
14.24 [ERROR] -> [Help 1]
14.24 [ERROR] 
14.24 [ERROR] To see the full stack trace of the errors, re-run Maven with the -e switch.
14.24 [ERROR] Re-run Maven using the -X switch to enable full debug logging.
14.24 [ERROR] 
14.24 [ERROR] For more information about the errors and possible solutions, please read the following articles:
14.24 [ERROR] [Help 1] http://cwiki.apache.org/confluence/display/MAVEN/MojoFailureException
------
